This is XeTeX, Version 3.141592653-2.6-0.999995 (TeX Live 2023) (preloaded format=xelatex 2023.8.26)  30 AUG 2026 15:59
entering extended mode
 restricted \write18 enabled.
 %&-line parsing enabled.
**anova_count_impact_tables.tex
(./anova_count_impact_tables.tex
LaTeX2e <2023-06-01> patch level 1
L3 programming layer <2023-08-11>
! Undefined control sequence.
l.3 \section
            {ANOVA Support Tables}
? 
! Emergency stop.
l.3 
    
End of file on the terminal!

 
Here is how much of TeX's memory you used:
 15 strings out of 475846
 369 string characters out of 5781395
 1908879 words of memory out of 5000000
 21200 multiletter control sequences out of 15000+600000
 558069 words of font info for 36 fonts, out of 8000000 for 9000
 1348 hyphenation exceptions out of 8191
 12i,0n,12p,156b,9s stack positions out of 10000i,1000n,20000p,200000b,200000s
No pages of output.
