mktextfm Fixedsys
mktextfm InfoOTDisp
mktextfm InfoOTDisp
mktextfm InfoOTDisp
mktextfm InfoOTDisp/BI
mktextfm InfoOTDisp
mktextfm InfoOTDisp/B
mktextfm InfoOTDisp
mktextfm InfoOTDisp/I
mktextfm InfoOTDisp
mktextfm InfoOTDisp
mktextfm InfoOTDisp
mktextfm InfoOTDisp
mktextfm InfoOTDisp
mktextfm InfoOTDisp
mktextfm InfoOTDisp
mktextfm InfoOTDisp
mktextfm InfoOTDisp
mktextfm InfoOTDisp
mktextfm InfoOTDisp
mktextfm InfoOTDisp
mktextfm InfoOTDisp
mktextfm InfoOTDisp
mktextfm InfoOTDisp
mktextfm InfoOTDisp
mktextfm InfoOTDisp
mktextfm InfoOTDisp
mktextfm InfoOTDisp
mktextfm InfoOTDisp
mktextfm InfoOTDisp/BI
mktextfm InfoOTDisp
mktextfm InfoOTDisp/B
mktextfm InfoOTDisp
mktextfm InfoOTDisp/I
mktextfm InfoOTDisp
mktextfm InfoOTDisp
mktextfm InfoOTDisp
mktextfm InfoOTDisp
mktextfm InfoOTDisp
mktextfm InfoOTDisp
mktextfm InfoOTDisp
mktextfm InfoOTDisp
mktextfm InfoOTDisp
mktextfm InfoOTDisp
mktextfm InfoOTDisp
mktextfm InfoOTDisp
mktextfm InfoOTDisp
mktextfm InfoOTDisp
mktextfm InfoOTDisp
mktextfm InfoOTDisp
mktextfm InfoOTDisp
mktextfm InfoOTDisp
mktextfm InfoOTDisp
mktextfm InfoOTDisp
mktextfm InfoOTDisp/BI
mktextfm InfoOTDisp
mktextfm InfoOTDisp/B
mktextfm InfoOTDisp
mktextfm InfoOTDisp/I
mktextfm InfoOTDisp
mktextfm InfoOTDisp
mktextfm InfoOTDisp
mktextfm InfoOTDisp
mktextfm InfoOTDisp
mktextfm InfoOTDisp
mktextfm InfoOTDisp
mktextfm InfoOTDisp
mktextfm InfoOTDisp
mktextfm InfoOTDisp
mktextfm InfoOTDisp
mktextfm InfoOTDisp
mktextfm InfoOTDisp
mktextfm InfoOTDisp
mktextfm InfoOTDisp
mktextfm InfoOTDisp
mktextfm InfoOTDisp
mktextfm InfoOTDisp
mktextfm InfoOTDisp
mktextfm InfoOTDisp
mktextfm InfoOTDisp/BI
mktextfm InfoOTDisp
mktextfm InfoOTDisp/B
mktextfm InfoOTDisp
mktextfm InfoOTDisp/I
mktextfm InfoOTDisp
mktextfm InfoOTDisp
mktextfm InfoOTDisp
mktextfm InfoOTDisp
mktextfm InfoOTDisp
mktextfm InfoOTDisp
mktextfm InfoOTDisp
mktextfm InfoOTDisp
mktextfm InfoOTDisp
mktextfm InfoOTDisp
mktextfm InfoOTDisp
mktextfm InfoOTDisp
mktextfm InfoOTDisp
mktextfm InfoOTDisp
mktextfm InfoOTDisp
mktextfm InfoOTDisp
mktextfm InfoOTDisp
mktextfm InfoOTDisp
mktextfm InfoOTDisp
mktextfm InfoOTDisp
mktextfm InfoOTDisp/BI
mktextfm InfoOTDisp
mktextfm InfoOTDisp/B
mktextfm InfoOTDisp
mktextfm InfoOTDisp/I
mktextfm InfoOTDisp
mktextfm InfoOTDisp
mktextfm InfoOTDisp
mktextfm InfoOTDisp
mktextfm InfoOTDisp
mktextfm InfoOTDisp
mktextfm InfoOTDisp
mktextfm InfoOTDisp
mktextfm InfoOTDisp
mktextfm InfoOTDisp
mktextfm InfoOTDisp
mktextfm InfoOTDisp
mktextfm InfoOTDisp
mktextfm InfoOTDisp
mktextfm InfoOTDisp
mktextfm InfoOTDisp
mktextfm InfoOTDisp
mktextfm InfoOTDisp
mktextfm InfoOTDisp
mktextfm InfoOTDisp
mktextfm InfoOTDisp/BI
mktextfm InfoOTDisp
mktextfm InfoOTDisp/B
mktextfm InfoOTDisp
mktextfm InfoOTDisp/I
mktextfm InfoOTDisp
mktextfm InfoOTDisp
mktextfm InfoOTDisp
mktextfm InfoOTDisp
mktextfm InfoOTDisp
mktextfm InfoOTDisp
mktextfm InfoOTDisp
mktextfm InfoOTDisp
mktextfm InfoOTDisp
mktextfm InfoOTDisp
mktextfm InfoOTDisp
mktextfm InfoOTDisp
mktextfm InfoOTDisp
mktextfm InfoOTDisp
mktextfm InfoOTDisp
mktextfm InfoOTDisp
mktextfm InfoOTDisp
mktextfm InfoOTDisp
mktextfm InfoOTDisp
mktextfm InfoOTDisp
mktextfm InfoOTDisp/BI
mktextfm InfoOTDisp
mktextfm InfoOTDisp/B
mktextfm InfoOTDisp
mktextfm InfoOTDisp/I
mktextfm InfoOTDisp
mktextfm InfoOTDisp
mktextfm InfoOTDisp
mktextfm InfoOTDisp
mktextfm InfoOTDisp
mktextfm InfoOTDisp
mktextfm InfoOTDisp
mktextfm InfoOTDisp
mktextfm InfoOTDisp
mktextfm InfoOTDisp
mktextfm InfoOTDisp
mktextfm InfoOTDisp
mktextfm InfoOTDisp
mktextfm InfoOTDisp
mktextfm InfoOTDisp
mktextfm InfoOTDisp
mktextfm InfoOTDisp
mktextfm InfoOTDisp
mktextfm InfoOTDisp
mktextfm InfoOTDisp
mktextfm InfoOTDisp/BI
mktextfm InfoOTDisp
mktextfm InfoOTDisp/B
mktextfm InfoOTDisp
mktextfm InfoOTDisp/I
mktextfm InfoOTDisp
mktextfm InfoOTDisp
mktextfm InfoOTDisp
mktextfm InfoOTDisp
mktextfm InfoOTDisp
mktextfm InfoOTDisp
mktextfm InfoOTDisp
mktextfm InfoOTDisp
mktextfm InfoOTDisp
mktextfm InfoOTDisp
mktextfm InfoOTDisp
mktextfm InfoOTDisp
mktextfm InfoOTDisp
mktextfm InfoOTDisp
mktextfm InfoOTDisp
mktextfm InfoOTDisp
mktextfm InfoOTDisp
mktextfm InfoOTDisp
mktextfm InfoOTDisp
