\BOOKMARK [0][-]{chapter*.2}{\376\377\000A\000u\000t\000h\000o\000r}{}% 1
\BOOKMARK [0][-]{chapter*.3}{\376\377\000P\000r\000e\000f\000a\000c\000e}{}% 2
\BOOKMARK [0][-]{chapter*.4}{\376\377\000A\000c\000k\000n\000o\000w\000l\000e\000d\000g\000e\000m\000e\000n\000t\000s}{}% 3
\BOOKMARK [0][-]{chapter*.5}{\376\377\000I\000n\000t\000r\000o\000d\000u\000c\000t\000i\000o\000n}{}% 4
\BOOKMARK [0][-]{chapter.1}{\376\377\000A\000n\000e\000c\000d\000o\000t\000e\000s\000\040\000o\000n\000\040\000t\000h\000e\000\040\000J\000o\000u\000r\000n\000e\000y}{}% 5
\BOOKMARK [1][-]{section.1.1}{\376\377\000C\000o\000m\000p\000u\000t\000e\000r\000s\000\040\000a\000n\000d\000\040\000I\000n\000s\000e\000c\000t\000s}{chapter.1}% 6
\BOOKMARK [1][-]{section.1.2}{\376\377\000F\000i\000r\000s\000t\000\040\000L\000i\000g\000h\000t}{chapter.1}% 7
\BOOKMARK [1][-]{section.1.3}{\376\377\000a\000t\000t\000a\000c\000k\000\040\000T\000o\000p\000o\000l\000o\000g\000y\000:\000\040\000T\000h\000e\000\040\000S\000t\000r\000i\000n\000g\000\040\000o\000f\000\040\000P\000e\000a\000r\000l\000s\000\040\000c\000o\000n\000f\000i\000g\000u\000r\000a\000t\000i\000o\000n}{chapter.1}% 8
\BOOKMARK [1][-]{section.1.4}{\376\377\000T\000h\000e\000\040\000R\000e\000v\000e\000a\000l}{chapter.1}% 9
\BOOKMARK [0][-]{chapter.2}{\376\377\000T\000o\000w\000a\000r\000d\000s\000\040\000E\000x\000p\000e\000r\000i\000m\000e\000n\000t\000a\000t\000i\000o\000n}{}% 10
\BOOKMARK [1][-]{section.2.1}{\376\377\000I\000n\000t\000r\000o\000d\000u\000c\000t\000i\000o\000n}{chapter.2}% 11
\BOOKMARK [1][-]{section.2.2}{\376\377\000R\000e\000l\000a\000t\000e\000d\000\040\000W\000o\000r\000k}{chapter.2}% 12
\BOOKMARK [1][-]{section.2.3}{\376\377\000M\000o\000t\000i\000v\000a\000t\000i\000o\000n}{chapter.2}% 13
\BOOKMARK [1][-]{section.2.4}{\376\377\000E\000x\000p\000e\000r\000i\000m\000e\000n\000t\000a\000l\000\040\000S\000t\000r\000u\000c\000t\000u\000r\000e}{chapter.2}% 14
\BOOKMARK [1][-]{section.2.5}{\376\377\000T\000h\000e\000\040\000R\000o\000a\000d\000\040\000A\000h\000e\000a\000d}{chapter.2}% 15
\BOOKMARK [1][-]{section.2.6}{\376\377\000S\000a\000m\000p\000l\000e\000\040\000T\000u\000t\000o\000r\000i\000a\000l\000\040\000w\000i\000t\000h\000\040\000M\000s\000f\000v\000e\000n\000o\000m}{chapter.2}% 16
\BOOKMARK [1][-]{section.2.7}{\376\377\000P\000i\000n\000e\000a\000p\000p\000l\000e\000\040\000P\000i}{chapter.2}% 17
\BOOKMARK [0][-]{chapter.3}{\376\377\000B\000u\000i\000l\000d\000i\000n\000g\000\040\000a\000\040\000B\000a\000s\000e\000l\000i\000n\000e\000\040\000f\000o\000r\000\040\000Q\000u\000a\000n\000t\000i\000t\000i\000a\000t\000i\000v\000e\000\040\000R\000i\000s\000k\000\040\000A\000s\000s\000e\000s\000s\000m\000e\000n\000t\000s}{}% 18
\BOOKMARK [1][-]{section.3.1}{\376\377\000I\000n\000t\000r\000o\000d\000u\000c\000t\000i\000o\000n}{chapter.3}% 19
\BOOKMARK [2][-]{subsection.3.1.1}{\376\377\000B\000a\000c\000k\000g\000r\000o\000u\000n\000d\000\040\000a\000n\000d\000\040\000C\000o\000n\000t\000e\000n\000t}{section.3.1}% 20
\BOOKMARK [2][-]{subsection.3.1.2}{\376\377\000P\000r\000o\000b\000l\000e\000m\000\040\000S\000t\000a\000t\000e\000m\000e\000n\000t}{section.3.1}% 21
\BOOKMARK [2][-]{subsection.3.1.3}{\376\377\000P\000r\000o\000j\000e\000c\000t\000\040\000O\000b\000j\000e\000c\000t\000i\000v\000e\000s}{section.3.1}% 22
\BOOKMARK [2][-]{subsection.3.1.4}{\376\377\000S\000c\000o\000p\000e\000\040\000o\000f\000\040\000W\000o\000r\000k}{section.3.1}% 23
\BOOKMARK [2][-]{subsection.3.1.5}{\376\377\000V\000a\000r\000i\000a\000b\000l\000e\000s}{section.3.1}% 24
\BOOKMARK [2][-]{subsection.3.1.6}{\376\377\000A\000s\000s\000u\000m\000p\000t\000i\000o\000n\000s\000,\000\040\000R\000i\000s\000k\000s\000,\000\040\000a\000n\000d\000\040\000L\000i\000m\000i\000t\000a\000t\000i\000o\000n\000s}{section.3.1}% 25
\BOOKMARK [2][-]{subsection.3.1.7}{\376\377\000S\000i\000g\000n\000i\000f\000i\000c\000a\000n\000c\000e\000\040\000o\000f\000\040\000t\000h\000e\000\040\000P\000r\000o\000j\000e\000c\000t}{section.3.1}% 26
\BOOKMARK [1][-]{section.3.2}{\376\377\000L\000i\000t\000e\000r\000a\000t\000u\000r\